<html>
<body>
<pre>
<h1>µVision Build Log</h1>
<h2>Tool Versions:</h2>
IDE-Version: ¦ÌVision V5.29.0.0
Copyright (C) 2019 ARM Ltd and ARM Germany GmbH. All rights reserved.
License Information: Chen Isaac, aaaaa, LIC=NQQMA-1AS4Y-Y8IFK-ZSTCE-3ETBT-CBH3Y
 
Tool Versions:
Toolchain:       MDK-ARM Plus  Version: 5.29.0.0
Toolchain Path:  C:\Keil_v5\ARM\ARMCC\Bin
C Compiler:      Armcc.exe V5.06 update 6 (build 750)
Assembler:       Armasm.exe V5.06 update 6 (build 750)
Linker/Locator:  ArmLink.exe V5.06 update 6 (build 750)
Library Manager: ArmAr.exe V5.06 update 6 (build 750)
Hex Converter:   FromElf.exe V5.06 update 6 (build 750)
CPU DLL:         SARMCM3.DLL V5.29.0.0
Dialog DLL:      DCM.DLL V1.17.3.0
Target DLL:      STLink\ST-LINKIII-KEIL_SWO.dll V3.0.7.0
Dialog DLL:      TCM.DLL V1.36.5.0
 
<h2>Project:</h2>
E:\stm32_project\×ÛºÏÊµÑé\exp3_lzh(2)\exp3_lzh\YSF4_HAL_MOTOR-654. FOC_v5.2.0_42PMSM_Ecoder\MDK-ARM\YSF4_HAL_MOTOR-654. FOC_v5.2.0_42PMSM_Ecoder.uvprojx
Project File Date:  06/18/2022

<h2>Output:</h2>
*** Using Compiler 'V5.06 update 6 (build 750)', folder: 'C:\Keil_v5\ARM\ARMCC\Bin'
Build target 'YSF4_HAL_MOTOR-654. FOC_v5.2.0_42PMSM_Ecoder'
compiling main.c...
../Src/main.c(169): warning:  #223-D: function "printf" declared implicitly
  	printf("%.2f\r\n",position);
../Src/main.c(255): warning:  #223-D: function "memcpy" declared implicitly
  	memcpy((uint8_t *)&frame.data_buf[0], (uint8_t *)&data1, 4);
../Src/main.c(249): warning:  #177-D: variable "i"  was declared but never referenced
  	int i = 0;
../Src/main.c(296): warning:  #223-D: function "printf" declared implicitly
  						printf("sweep-init:k=%.5f,p=%.5f\r\n",(float)sweep.k,(float)sweep.p);
../Src/main.c(273): warning:  #177-D: variable "start_sys_tick"  was declared but never referenced
  	static uint32_t start_sys_tick = 0;
../Src/main.c(325): warning:  #1035-D: single-precision operand implicitly converted to double-precision
  	float y  = 833.4*u - 1467*u1 +633.3*u2 + 1.33*y1 -0.3333*y2;
../Src/main.c(325): warning:  #1035-D: single-precision operand implicitly converted to double-precision
  	float y  = 833.4*u - 1467*u1 +633.3*u2 + 1.33*y1 -0.3333*y2;
../Src/main.c(325): warning:  #1035-D: single-precision operand implicitly converted to double-precision
  	float y  = 833.4*u - 1467*u1 +633.3*u2 + 1.33*y1 -0.3333*y2;
../Src/main.c(325): warning:  #1035-D: single-precision operand implicitly converted to double-precision
  	float y  = 833.4*u - 1467*u1 +633.3*u2 + 1.33*y1 -0.3333*y2;
../Src/main.c(391): warning:  #223-D: function "printf" declared implicitly
  			printf("y=%.2f",control_value);
../Src/main.c(374): warning:  #177-D: variable "ref"  was declared but never referenced
  	static float ref = 0;
../Src/main.c: 11 warnings, 0 errors
linking...
Program Size: Code=30256 RO-data=1064 RW-data=1712 ZI-data=1936  
FromELF: creating hex file...
"YSF4_HAL_MOTOR-654. FOC_v5.2.0_42PMSM_Ecoder\YSF4_HAL_MOTOR-654. FOC_v5.2.0_42PMSM_Ecoder" - 0 Error(s), 11 Warning(s).

<h2>Software Packages used:</h2>

Package Vendor: ARM
                http://www.keil.com/pack/ARM.CMSIS.5.8.0.pack
                ARM.CMSIS.5.8.0
                CMSIS (Common Microcontroller Software Interface Standard)
   * Component: CORE Version: 5.5.0

Package Vendor: Keil
                http://www.keil.com/pack/Keil.STM32F4xx_DFP.2.15.0.pack
                Keil.STM32F4xx_DFP.2.15.0
                STMicroelectronics STM32F4 Series Device Support, Drivers and Examples

<h2>Collection of Component include folders:</h2>
  .\RTE\_YSF4_HAL_MOTOR-654._FOC_v5.2.0_42PMSM_Ecoder
  C:\Users\IsaacChen\AppData\Local\Arm\Packs\ARM\CMSIS\5.8.0\CMSIS\Core\Include
  C:\Users\IsaacChen\AppData\Local\Arm\Packs\Keil\STM32F4xx_DFP\2.15.0\Drivers\CMSIS\Device\ST\STM32F4xx\Include

<h2>Collection of Component Files used:</h2>

   * Component: ARM::CMSIS:CORE:5.5.0
Build Time Elapsed:  00:00:05
</pre>
</body>
</html>
