Component: ARM Compiler 5.06 update 6 (build 750) Tool: armlink [4d35ed]

==============================================================================

Section Cross References

    startup_stm32f417xx.o(RESET) refers to startup_stm32f417xx.o(STACK) for __initial_sp
    startup_stm32f417xx.o(RESET) refers to startup_stm32f417xx.o(.text) for Reset_Handler
    startup_stm32f417xx.o(RESET) refers to stm32f4xx_mc_it.o(i.HardFault_Handler) for HardFault_Handler
    startup_stm32f417xx.o(RESET) refers to stm32f4xx_mc_it.o(i.SysTick_Handler) for SysTick_Handler
    startup_stm32f417xx.o(RESET) refers to stm32f4xx_mc_it.o(i.EXTI0_IRQHandler) for EXTI0_IRQHandler
    startup_stm32f417xx.o(RESET) refers to stm32f4xx_it.o(i.EXTI1_IRQHandler) for EXTI1_IRQHandler
    startup_stm32f417xx.o(RESET) refers to stm32f4xx_mc_it.o(i.ADC_IRQHandler) for ADC_IRQHandler
    startup_stm32f417xx.o(RESET) refers to stm32f4xx_mc_it.o(i.TIM2_IRQHandler) for TIM2_IRQHandler
    startup_stm32f417xx.o(RESET) refers to stm32f4xx_it.o(i.TIM3_IRQHandler) for TIM3_IRQHandler
    startup_stm32f417xx.o(RESET) refers to stm32f4xx_mc_it.o(i.USART1_IRQHandler) for USART1_IRQHandler
    startup_stm32f417xx.o(RESET) refers to stm32f4xx_mc_it.o(i.TIM8_BRK_TIM12_IRQHandler) for TIM8_BRK_TIM12_IRQHandler
    startup_stm32f417xx.o(RESET) refers to stm32f4xx_mc_it.o(i.TIM8_UP_TIM13_IRQHandler) for TIM8_UP_TIM13_IRQHandler
    startup_stm32f417xx.o(RESET) refers to stm32f4xx_it.o(i.UART5_IRQHandler) for UART5_IRQHandler
    startup_stm32f417xx.o(.text) refers to system_stm32f4xx.o(i.SystemInit) for SystemInit
    startup_stm32f417xx.o(.text) refers to entry.o(.ARM.Collect$$$$00000000) for __main
    main.o(i.HAL_GPIO_EXTI_Callback) refers to main.o(.data) for .data
    main.o(i.HAL_TIM_PeriodElapsedCallback) refers to main.o(.bss) for .bss
    main.o(i.HAL_TIM_PeriodElapsedCallback) refers to main.o(.data) for .data
    main.o(i.SystemClock_Config) refers to stm32f4xx_hal_rcc.o(i.HAL_RCC_OscConfig) for HAL_RCC_OscConfig
    main.o(i.SystemClock_Config) refers to stm32f4xx_hal_rcc.o(i.HAL_RCC_ClockConfig) for HAL_RCC_ClockConfig
    main.o(i.SystemClock_Config) refers to stm32f4xx_hal_rcc.o(i.HAL_RCC_EnableCSS) for HAL_RCC_EnableCSS
    main.o(i.back_to_middle) refers to stm32f4xx_hal_gpio.o(i.HAL_GPIO_ReadPin) for HAL_GPIO_ReadPin
    main.o(i.back_to_middle) refers to mc_api.o(i.MC_ProgramSpeedRampMotor1) for MC_ProgramSpeedRampMotor1
    main.o(i.back_to_middle) refers to mc_api.o(i.MC_StartMotor1) for MC_StartMotor1
    main.o(i.back_to_middle) refers to mc_api.o(i.MC_StopMotor1) for MC_StopMotor1
    main.o(i.back_to_middle) refers to dfltui.o(.text) for __aeabi_ui2d
    main.o(i.back_to_middle) refers to dmul.o(.text) for __aeabi_dmul
    main.o(i.back_to_middle) refers to dadd.o(.text) for __aeabi_dsub
    main.o(i.back_to_middle) refers to d2f.o(.text) for __aeabi_d2f
    main.o(i.back_to_middle) refers to f2d.o(.text) for __aeabi_f2d
    main.o(i.back_to_middle) refers to printfa.o(i.__0printf) for __2printf
    main.o(i.back_to_middle) refers to main.o(.data) for .data
    main.o(i.back_to_middle) refers to main.o(.bss) for .bss
    main.o(i.function_sin_test) refers to mc_api.o(i.MC_GetSTMStateMotor1) for MC_GetSTMStateMotor1
    main.o(i.function_sin_test) refers to stm32f4xx_hal.o(i.HAL_GetTick) for HAL_GetTick
    main.o(i.function_sin_test) refers to dfltui.o(.text) for __aeabi_ui2d
    main.o(i.function_sin_test) refers to dmul.o(.text) for __aeabi_dmul
    main.o(i.function_sin_test) refers to sin.o(i.__hardfp_sin) for __hardfp_sin
    main.o(i.function_sin_test) refers to d2f.o(.text) for __aeabi_d2f
    main.o(i.function_sin_test) refers to main.o(i.function_tf) for function_tf
    main.o(i.function_sin_test) refers to f2d.o(.text) for __aeabi_f2d
    main.o(i.function_sin_test) refers to printfa.o(i.__0printf) for __2printf
    main.o(i.function_sin_test) refers to mc_api.o(i.MC_ProgramTorqueRampMotor1) for MC_ProgramTorqueRampMotor1
    main.o(i.function_sin_test) refers to mc_api.o(i.MC_StartMotor1) for MC_StartMotor1
    main.o(i.function_sin_test) refers to main.o(i.send_data_2_matlab) for send_data_2_matlab
    main.o(i.function_sin_test) refers to stm32f4xx_hal.o(i.HAL_Delay) for HAL_Delay
    main.o(i.function_sin_test) refers to main.o(.data) for .data
    main.o(i.function_step_test) refers to mc_api.o(i.MC_GetSTMStateMotor1) for MC_GetSTMStateMotor1
    main.o(i.function_step_test) refers to main.o(i.function_tf) for function_tf
    main.o(i.function_step_test) refers to mc_api.o(i.MC_ProgramTorqueRampMotor1) for MC_ProgramTorqueRampMotor1
    main.o(i.function_step_test) refers to mc_api.o(i.MC_StartMotor1) for MC_StartMotor1
    main.o(i.function_step_test) refers to stm32f4xx_hal.o(i.HAL_GetTick) for HAL_GetTick
    main.o(i.function_step_test) refers to main.o(i.send_data_2_matlab) for send_data_2_matlab
    main.o(i.function_step_test) refers to stm32f4xx_hal.o(i.HAL_Delay) for HAL_Delay
[...]
    EXTI3_IRQHandler                         0x080001b7   Thumb Code     0  startup_stm32f417xx.o(.text)
    EXTI4_IRQHandler                         0x080001b7   Thumb Code     0  startup_stm32f417xx.o(.text)
    EXTI9_5_IRQHandler                       0x080001b7   Thumb Code     0  startup_stm32f417xx.o(.text)
    FLASH_IRQHandler                         0x080001b7   Thumb Code     0  startup_stm32f417xx.o(.text)
    FMC_IRQHandler                           0x080001b7   Thumb Code     0  startup_stm32f417xx.o(.text)
    FPU_IRQHandler                           0x080001b7   Thumb Code     0  startup_stm32f417xx.o(.text)
    HASH_RNG_IRQHandler                      0x080001b7   Thumb Code     0  startup_stm32f417xx.o(.text)
    I2C1_ER_IRQHandler                       0x080001b7   Thumb Code     0  startup_stm32f417xx.o(.text)
    I2C1_EV_IRQHandler                       0x080001b7   Thumb Code     0  startup_stm32f417xx.o(.text)
    I2C2_ER_IRQHandler                       0x080001b7   Thumb Code     0  startup_stm32f417xx.o(.text)
    I2C2_EV_IRQHandler                       0x080001b7   Thumb Code     0  startup_stm32f417xx.o(.text)
    I2C3_ER_IRQHandler                       0x080001b7   Thumb Code     0  startup_stm32f417xx.o(.text)
    I2C3_EV_IRQHandler                       0x080001b7   Thumb Code     0  startup_stm32f417xx.o(.text)
    OTG_FS_IRQHandler                        0x080001b7   Thumb Code     0  startup_stm32f417xx.o(.text)
    OTG_FS_WKUP_IRQHandler                   0x080001b7   Thumb Code     0  startup_stm32f417xx.o(.text)
    OTG_HS_EP1_IN_IRQHandler                 0x080001b7   Thumb Code     0  startup_stm32f417xx.o(.text)
    OTG_HS_EP1_OUT_IRQHandler                0x080001b7   Thumb Code     0  startup_stm32f417xx.o(.text)
    OTG_HS_IRQHandler                        0x080001b7   Thumb Code     0  startup_stm32f417xx.o(.text)
    OTG_HS_WKUP_IRQHandler                   0x080001b7   Thumb Code     0  startup_stm32f417xx.o(.text)
    PVD_IRQHandler                           0x080001b7   Thumb Code     0  startup_stm32f417xx.o(.text)
    RCC_IRQHandler                           0x080001b7   Thumb Code     0  startup_stm32f417xx.o(.text)
    RTC_Alarm_IRQHandler                     0x080001b7   Thumb Code     0  startup_stm32f417xx.o(.text)
    RTC_WKUP_IRQHandler                      0x080001b7   Thumb Code     0  startup_stm32f417xx.o(.text)
    SDIO_IRQHandler                          0x080001b7   Thumb Code     0  startup_stm32f417xx.o(.text)
    SPI1_IRQHandler                          0x080001b7   Thumb Code     0  startup_stm32f417xx.o(.text)
    SPI2_IRQHandler                          0x080001b7   Thumb Code     0  startup_stm32f417xx.o(.text)
    SPI3_IRQHandler                          0x080001b7   Thumb Code     0  startup_stm32f417xx.o(.text)
    TAMP_STAMP_IRQHandler                    0x080001b7   Thumb Code     0  startup_stm32f417xx.o(.text)
    TIM1_BRK_TIM9_IRQHandler                 0x080001b7   Thumb Code     0  startup_stm32f417xx.o(.text)
    TIM1_CC_IRQHandler                       0x080001b7   Thumb Code     0  startup_stm32f417xx.o(.text)
    TIM1_TRG_COM_TIM11_IRQHandler            0x080001b7   Thumb Code     0  startup_stm32f417xx.o(.text)
    TIM1_UP_TIM10_IRQHandler                 0x080001b7   Thumb Code     0  startup_stm32f417xx.o(.text)
    TIM4_IRQHandler                          0x080001b7   Thumb Code     0  startup_stm32f417xx.o(.text)
    TIM5_IRQHandler                          0x080001b7   Thumb Code     0  startup_stm32f417xx.o(.text)
    TIM6_DAC_IRQHandler                      0x080001b7   Thumb Code     0  startup_stm32f417xx.o(.text)
    TIM7_IRQHandler                          0x080001b7   Thumb Code     0  startup_stm32f417xx.o(.text)
    TIM8_CC_IRQHandler                       0x080001b7   Thumb Code     0  startup_stm32f417xx.o(.text)
    TIM8_TRG_COM_TIM14_IRQHandler            0x080001b7   Thumb Code     0  startup_stm32f417xx.o(.text)
    UART4_IRQHandler                         0x080001b7   Thumb Code     0  startup_stm32f417xx.o(.text)
    USART2_IRQHandler                        0x080001b7   Thumb Code     0  startup_stm32f417xx.o(.text)
    USART3_IRQHandler                        0x080001b7   Thumb Code     0  startup_stm32f417xx.o(.text)
    USART6_IRQHandler                        0x080001b7   Thumb Code     0  startup_stm32f417xx.o(.text)
    WWDG_IRQHandler                          0x080001b7   Thumb Code     0  startup_stm32f417xx.o(.text)
    __aeabi_uldivmod                         0x080001c1   Thumb Code    98  uldiv.o(.text)
    __aeabi_memset                           0x08000223   Thumb Code    14  memseta.o(.text)
    __aeabi_memset4                          0x08000223   Thumb Code     0  memseta.o(.text)
    __aeabi_memset8                          0x08000223   Thumb Code     0  memseta.o(.text)
    __aeabi_memclr                           0x08000231   Thumb Code     4  memseta.o(.text)
    __aeabi_memclr4                          0x08000231   Thumb Code     0  memseta.o(.text)
    __aeabi_memclr8                          0x08000231   Thumb Code     0  memseta.o(.text)
    _memset$wrapper                          0x08000235   Thumb Code    18  memseta.o(.text)
    __aeabi_dadd                             0x08000247   Thumb Code   322  dadd.o(.text)
    __aeabi_dsub                             0x08000389   Thumb Code     6  dadd.o(.text)
    __aeabi_drsub                            0x0800038f   Thumb Code     6  dadd.o(.text)
    __aeabi_dmul                             0x08000395   Thumb Code   228  dmul.o(.text)
    __aeabi_ddiv                             0x08000479   Thumb Code   222  ddiv.o(.text)
    __aeabi_ui2d                             0x08000557   Thumb Code    26  dfltui.o(.text)
    __aeabi_f2d                              0x08000571   Thumb Code    38  f2d.o(.text)
    __aeabi_d2f                              0x08000597   Thumb Code    56  d2f.o(.text)
    __aeabi_uidiv                            0x080005cf   Thumb Code     0  uidiv.o(.text)
    __aeabi_uidivmod                         0x080005cf   Thumb Code    44  uidiv.o(.text)
    __aeabi_llsl                             0x080005fb   Thumb Code    30  llshl.o(.text)
    _ll_shift_l                              0x080005fb   Thumb Code     0  llshl.o(.text)
    __aeabi_llsr                             0x08000619   Thumb Code    32  llushr.o(.text)
    _ll_ushift_r                             0x08000619   Thumb Code     0  llushr.o(.text)
    __aeabi_lasr                             0x08000639   Thumb Code    36  llsshr.o(.text)
    _ll_sshift_r                             0x08000639   Thumb Code     0  llsshr.o(.text)
    __I$use$fp                               0x0800065d   Thumb Code     0  iusefp.o(.text)
    _float_round                             0x0800065d   Thumb Code    18  fepilogue.o(.text)
    _float_epilogue                          0x0800066f   Thumb Code    92  fepilogue.o(.text)
    _double_round                            0x080006cb   Thumb Code    30  depilogue.o(.text)
    _double_epilogue                         0x080006e9   Thumb Code   156  depilogue.o(.text)
    __aeabi_d2ulz                            0x08000785   Thumb Code    48  dfixul.o(.text)
    __aeabi_cdrcmple                         0x080007b5   Thumb Code    48  cdrcmple.o(.text)
    __scatterload                            0x080007e5   Thumb Code    28  init.o(.text)
    __scatterload_rt2                        0x080007e5   Thumb Code     0  init.o(.text)
    __decompress                             0x08000809   Thumb Code     0  __dczerorl2.o(.text)
    __decompress1                            0x08000809   Thumb Code    86  __dczerorl2.o(.text)
    ADC_IRQHandler                           0x08000861   Thumb Code    56  stm32f4xx_mc_it.o(i.ADC_IRQHandler)
    Circle_Limitation                        0x0800089d   Thumb Code    86  circle_limitation.o(i.Circle_Limitation)
    DAC_Exec                                 0x080008f5   Thumb Code   132  dac_ui.o(i.DAC_Exec)
    DAC_GetChannelConfig                     0x0800097d   Thumb Code     8  dac_common_ui.o(i.DAC_GetChannelConfig)
    DAC_GetUserChannelValue                  0x08000985   Thumb Code    10  dac_common_ui.o(i.DAC_GetUserChannelValue)
    DAC_Init                                 0x08000991   Thumb Code    34  dac_ui.o(i.DAC_Init)
    DAC_SetChannelConfig                     0x080009b9   Thumb Code     8  dac_common_ui.o(i.DAC_SetChannelConfig)
    DAC_SetUserChannelValue                  0x080009c1   Thumb Code     8  dac_common_ui.o(i.DAC_SetUserChannelValue)
    EAC_Exec                                 0x080009c9   Thumb Code    52  enc_align_ctrl.o(i.EAC_Exec)
    EAC_GetRestartState                      0x080009fd   Thumb Code     4  enc_align_ctrl.o(i.EAC_GetRestartState)
    EAC_Init                                 0x08000a01   Thumb Code    14  enc_align_ctrl.o(i.EAC_Init)
    EAC_IsAligned                            0x08000a0f   Thumb Code     4  enc_align_ctrl.o(i.EAC_IsAligned)
    EAC_SetRestartState                      0x08000a13   Thumb Code     4  enc_align_ctrl.o(i.EAC_SetRestartState)
    EAC_StartAlignment                       0x08000a17   Thumb Code    74  enc_align_ctrl.o(i.EAC_StartAlignment)
    ENC_CalcAngle                            0x08000a61   Thumb Code    36  encoder_speed_pos_fdbk.o(i.ENC_CalcAngle)
    ENC_CalcAvrgMecSpeed01Hz                 0x08000a85   Thumb Code   288  encoder_speed_pos_fdbk.o(i.ENC_CalcAvrgMecSpeed01Hz)
    ENC_Clear                                0x08000ba5   Thumb Code    66  encoder_speed_pos_fdbk.o(i.ENC_Clear)
    ENC_IRQHandler                           0x08000be7   Thumb Code    10  encoder_speed_pos_fdbk.o(i.ENC_IRQHandler)
    ENC_Init                                 0x08000bf1   Thumb Code   122  encoder_speed_pos_fdbk.o(i.ENC_Init)
    ENC_SetMecAngle                          0x08000c6b   Thumb Code    32  encoder_speed_pos_fdbk.o(i.ENC_SetMecAngle)
    EXTI0_IRQHandler                         0x08000c8d   Thumb Code    10  stm32f4xx_mc_it.o(i.EXTI0_IRQHandler)
    EXTI1_IRQHandler                         0x08000c9d   Thumb Code     6  stm32f4xx_it.o(i.EXTI1_IRQHandler)
    FCP_CalcCRC                              0x08000ca5   Thumb Code    92  frame_communication_protocol.o(i.FCP_CalcCRC)
    FCP_Init                                 0x08000d01   Thumb Code    42  frame_communication_protocol.o(i.FCP_Init)
    FCP_SetClient                            0x08000d2b   Thumb Code    14  frame_communication_protocol.o(i.FCP_SetClient)
    HAL_ADCEx_InjectedConfigChannel          0x08000da5   Thumb Code   510  stm32f4xx_hal_adc_ex.o(i.HAL_ADCEx_InjectedConfigChannel)
    HAL_ADC_ConfigChannel                    0x08000fb1   Thumb Code   416  stm32f4xx_hal_adc.o(i.HAL_ADC_ConfigChannel)
    HAL_ADC_Init                             0x08001161   Thumb Code   360  stm32f4xx_hal_adc.o(i.HAL_ADC_Init)
    HAL_ADC_MspInit                          0x080012d5   Thumb Code   248  stm32f4xx_hal_msp.o(i.HAL_ADC_MspInit)
    HAL_DAC_ConfigChannel                    0x080013e5   Thumb Code    78  stm32f4xx_hal_dac.o(i.HAL_DAC_ConfigChannel)
    HAL_DAC_Init                             0x08001433   Thumb Code    40  stm32f4xx_hal_dac.o(i.HAL_DAC_Init)
    HAL_DAC_MspInit                          0x0800145d   Thumb Code    88  stm32f4xx_hal_msp.o(i.HAL_DAC_MspInit)
    HAL_DMA_Abort_IT                         0x080014c1   Thumb Code    36  stm32f4xx_hal_dma.o(i.HAL_DMA_Abort_IT)
    HAL_Delay                                0x080014e5   Thumb Code    34  stm32f4xx_hal.o(i.HAL_Delay)
    HAL_GPIO_EXTI_Callback                   0x0800150d   Thumb Code    14  main.o(i.HAL_GPIO_EXTI_Callback)
    HAL_GPIO_EXTI_IRQHandler                 0x08001521   Thumb Code    20  stm32f4xx_hal_gpio.o(i.HAL_GPIO_EXTI_IRQHandler)
    HAL_GPIO_Init                            0x08001539   Thumb Code   554  stm32f4xx_hal_gpio.o(i.HAL_GPIO_Init)
    HAL_GPIO_ReadPin                         0x08001779   Thumb Code    10  stm32f4xx_hal_gpio.o(i.HAL_GPIO_ReadPin)
    HAL_GetTick                              0x08001785   Thumb Code     6  stm32f4xx_hal.o(i.HAL_GetTick)
    HAL_IncTick                              0x08001791   Thumb Code    12  stm32f4xx_hal.o(i.HAL_IncTick)
    HAL_Init                                 0x080017a1   Thumb Code    48  stm32f4xx_hal.o(i.HAL_Init)
    HAL_InitTick                             0x080017d5   Thumb Code    54  stm32f4xx_hal.o(i.HAL_InitTick)
    HAL_MspInit                              0x08001815   Thumb Code    46  stm32f4xx_hal_msp.o(i.HAL_MspInit)
    HAL_NVIC_EnableIRQ                       0x0800184d   Thumb Code    30  stm32f4xx_hal_cortex.o(i.HAL_NVIC_EnableIRQ)
    HAL_NVIC_SetPriority                     0x0800186d   Thumb Code    96  stm32f4xx_hal_cortex.o(i.HAL_NVIC_SetPriority)
    HAL_NVIC_SetPriorityGrouping             0x080018d1   Thumb Code    30  stm32f4xx_hal_cortex.o(i.HAL_NVIC_SetPriorityGrouping)
    HAL_RCC_ClockConfig                      0x080018f5   Thumb Code   324  stm32f4xx_hal_rcc.o(i.HAL_RCC_ClockConfig)
    HAL_RCC_EnableCSS                        0x08001a51   Thumb Code     8  stm32f4xx_hal_rcc.o(i.HAL_RCC_EnableCSS)
    HAL_RCC_GetHCLKFreq                      0x08001a5d   Thumb Code     6  stm32f4xx_hal_rcc.o(i.HAL_RCC_GetHCLKFreq)
    HAL_RCC_GetPCLK1Freq                     0x08001a69   Thumb Code    20  stm32f4xx_hal_rcc.o(i.HAL_RCC_GetPCLK1Freq)
    HAL_RCC_GetPCLK2Freq                     0x08001a89   Thumb Code    20  stm32f4xx_hal_rcc.o(i.HAL_RCC_GetPCLK2Freq)
    HAL_RCC_GetSysClockFreq                  0x08001aa9   Thumb Code    98  stm32f4xx_hal_rcc.o(i.HAL_RCC_GetSysClockFreq)
    HAL_RCC_OscConfig                        0x08001b1d   Thumb Code   958  stm32f4xx_hal_rcc.o(i.HAL_RCC_OscConfig)
    HAL_SYSTICK_Callback                     0x08001f01   Thumb Code     2  stm32f4xx_hal_cortex.o(i.HAL_SYSTICK_Callback)
    HAL_SYSTICK_Config                       0x08001f05   Thumb Code    38  stm32f4xx_hal_cortex.o(i.HAL_SYSTICK_Config)
    HAL_SYSTICK_IRQHandler                   0x08001f31   Thumb Code     8  stm32f4xx_hal_cortex.o(i.HAL_SYSTICK_IRQHandler)
    HAL_TIMEx_BreakCallback                  0x08001f39   Thumb Code     2  stm32f4xx_hal_tim_ex.o(i.HAL_TIMEx_BreakCallback)
    HAL_TIMEx_CommutCallback                 0x08001f3b   Thumb Code     2  stm32f4xx_hal_tim_ex.o(i.HAL_TIMEx_CommutCallback)
    HAL_TIMEx_ConfigBreakDeadTime            0x08001f3d   Thumb Code    82  stm32f4xx_hal_tim_ex.o(i.HAL_TIMEx_ConfigBreakDeadTime)
    HAL_TIMEx_MasterConfigSynchronization    0x08001f8f   Thumb Code   150  stm32f4xx_hal_tim_ex.o(i.HAL_TIMEx_MasterConfigSynchronization)
    HAL_TIM_Base_Init                        0x08002025   Thumb Code    54  stm32f4xx_hal_tim.o(i.HAL_TIM_Base_Init)
    HAL_TIM_Base_MspInit                     0x0800205d   Thumb Code    40  stm32f4xx_hal_msp.o(i.HAL_TIM_Base_MspInit)
    HAL_TIM_Base_Start_IT                    0x08002089   Thumb Code    34  stm32f4xx_hal_tim.o(i.HAL_TIM_Base_Start_IT)
    HAL_TIM_Encoder_Init                     0x080020ab   Thumb Code   176  stm32f4xx_hal_tim.o(i.HAL_TIM_Encoder_Init)
    HAL_TIM_Encoder_MspInit                  0x0800215d   Thumb Code   202  stm32f4xx_hal_msp.o(i.HAL_TIM_Encoder_MspInit)
    HAL_TIM_Encoder_Start                    0x0800223d   Thumb Code    88  stm32f4xx_hal_tim.o(i.HAL_TIM_Encoder_Start)
    HAL_TIM_IC_CaptureCallback               0x08002295   Thumb Code     2  stm32f4xx_hal_tim.o(i.HAL_TIM_IC_CaptureCallback)
    HAL_TIM_IRQHandler                       0x08002297   Thumb Code   364  stm32f4xx_hal_tim.o(i.HAL_TIM_IRQHandler)
    HAL_TIM_MspPostInit                      0x08002405   Thumb Code   116  stm32f4xx_hal_msp.o(i.HAL_TIM_MspPostInit)
    HAL_TIM_OC_DelayElapsedCallback          0x08002485   Thumb Code     2  stm32f4xx_hal_tim.o(i.HAL_TIM_OC_DelayElapsedCallback)
    HAL_TIM_PWM_ConfigChannel                0x08002489   Thumb Code   584  stm32f4xx_hal_tim.o(i.HAL_TIM_PWM_ConfigChannel)
    HAL_TIM_PWM_Init                         0x080026d9   Thumb Code    54  stm32f4xx_hal_tim.o(i.HAL_TIM_PWM_Init)
    HAL_TIM_PWM_MspInit                      0x0800270f   Thumb Code     2  stm32f4xx_hal_tim.o(i.HAL_TIM_PWM_MspInit)
    HAL_TIM_PWM_PulseFinishedCallback        0x08002711   Thumb Code     2  stm32f4xx_hal_tim.o(i.HAL_TIM_PWM_PulseFinishedCallback)
    HAL_TIM_PeriodElapsedCallback            0x08002715   Thumb Code    38  main.o(i.HAL_TIM_PeriodElapsedCallback)
    HAL_TIM_SlaveConfigSynchro               0x08002745   Thumb Code    86  stm32f4xx_hal_tim.o(i.HAL_TIM_SlaveConfigSynchro)
    HAL_TIM_TriggerCallback                  0x0800279b   Thumb Code     2  stm32f4xx_hal_tim.o(i.HAL_TIM_TriggerCallback)
    HAL_UART_ErrorCallback                   0x0800279d   Thumb Code     2  stm32f4xx_hal_uart.o(i.HAL_UART_ErrorCallback)
    HAL_UART_IRQHandler                      0x080027a1   Thumb Code   674  stm32f4xx_hal_uart.o(i.HAL_UART_IRQHandler)
    HAL_UART_Init                            0x08002a49   Thumb Code    98  stm32f4xx_hal_uart.o(i.HAL_UART_Init)
    HAL_UART_MspInit                         0x08002aad   Thumb Code   216  stm32f4xx_hal_msp.o(i.HAL_UART_MspInit)
    HAL_UART_RxCpltCallback                  0x08002b9d   Thumb Code     2  stm32f4xx_hal_uart.o(i.HAL_UART_RxCpltCallback)
    HAL_UART_Transmit                        0x08002ba1   Thumb Code   294  stm32f4xx_hal_uart.o(i.HAL_UART_Transmit)
    HAL_UART_TxCpltCallback                  0x08002cc7   Thumb Code     2  stm32f4xx_hal_uart.o(i.HAL_UART_TxCpltCallback)
    HardFault_Handler                        0x08002cc9   Thumb Code   104  stm32f4xx_mc_it.o(i.HardFault_Handler)
    MCI_Clear_Iqdref                         0x08002d95   Thumb Code    16  mc_interface.o(i.MCI_Clear_Iqdref)
    MCI_EncoderAlign                         0x08002da5   Thumb Code     8  mc_interface.o(i.MCI_EncoderAlign)
    MCI_ExecBufferedCommands                 0x08002dad   Thumb Code   120  mc_interface.o(i.MCI_ExecBufferedCommands)
    MCI_ExecSpeedRamp                        0x08002e25   Thumb Code    14  mc_interface.o(i.MCI_ExecSpeedRamp)
    MCI_ExecTorqueRamp                       0x08002e33   Thumb Code    18  mc_interface.o(i.MCI_ExecTorqueRamp)
    MCI_FaultAcknowledged                    0x08002e45   Thumb Code     6  mc_interface.o(i.MCI_FaultAcknowledged)
    MCI_GetAvrgMecSpeed01Hz                  0x08002e4b   Thumb Code    16  mc_interface.o(i.MCI_GetAvrgMecSpeed01Hz)
    MCI_GetControlMode                       0x08002e5b   Thumb Code     4  mc_interface.o(i.MCI_GetControlMode)
    MCI_GetIab                               0x08002e5f   Thumb Code     6  mc_interface.o(i.MCI_GetIab)
    MCI_GetIalphabeta                        0x08002e65   Thumb Code     6  mc_interface.o(i.MCI_GetIalphabeta)
    MCI_GetIqd                               0x08002e6b   Thumb Code     6  mc_interface.o(i.MCI_GetIqd)
    MCI_GetIqdref                            0x08002e71   Thumb Code     6  mc_interface.o(i.MCI_GetIqdref)
    MCI_GetLastRampFinalSpeed                0x08002e77   Thumb Code    16  mc_interface.o(i.MCI_GetLastRampFinalSpeed)
    MCI_GetMecSpeedRef01Hz                   0x08002e87   Thumb Code     6  mc_interface.o(i.MCI_GetMecSpeedRef01Hz)
    MCI_GetSTMState                          0x08002e8d   Thumb Code     6  mc_interface.o(i.MCI_GetSTMState)
    MCI_GetTeref                             0x08002e93   Thumb Code     8  mc_interface.o(i.MCI_GetTeref)
    MCI_GetValphabeta                        0x08002e9b   Thumb Code     8  mc_interface.o(i.MCI_GetValphabeta)
    MCI_GetVqd                               0x08002ea3   Thumb Code     8  mc_interface.o(i.MCI_GetVqd)
    MCI_Init                                 0x08002eab   Thumb Code    20  mc_interface.o(i.MCI_Init)
    MCI_SetCurrentReferences                 0x08002ebf   Thumb Code    20  mc_interface.o(i.MCI_SetCurrentReferences)
    MCI_SetIdref                             0x08002ed3   Thumb Code    10  mc_interface.o(i.MCI_SetIdref)
    MCI_StartMotor                           0x08002edd   Thumb Code    22  mc_interface.o(i.MCI_StartMotor)
    MCI_StopMotor                            0x08002ef3   Thumb Code     8  mc_interface.o(i.MCI_StopMotor)
    MCI_StopSpeedRamp                        0x08002efb   Thumb Code     6  mc_interface.o(i.MCI_StopSpeedRamp)
    MCM_Clarke                               0x08002f01   Thumb Code    72  mc_math.o(i.MCM_Clarke)
    MCM_Park                                 0x08002f4d   Thumb Code   122  mc_math.o(i.MCM_Park)
    MCM_Rev_Park                             0x08002fd1   Thumb Code    54  mc_math.o(i.MCM_Rev_Park)
    MCM_Trig_Functions                       0x08003009   Thumb Code   112  mc_math.o(i.MCM_Trig_Functions)
    MCP_Init                                 0x0800307d   Thumb Code    68  motor_control_protocol.o(i.MCP_Init)
    MCP_OnTimeOut                            0x080030cd   Thumb Code    26  motor_control_protocol.o(i.MCP_OnTimeOut)
    MCP_ReceivedFrame                        0x080030e9   Thumb Code  1638  motor_control_protocol.o(i.MCP_ReceivedFrame)
    MCP_SentFrame                            0x08003759   Thumb Code    26  motor_control_protocol.o(i.MCP_SentFrame)
    MC_AlignEncoderMotor1                    0x08003775   Thumb Code     8  mc_api.o(i.MC_AlignEncoderMotor1)
    MC_GetSTMStateMotor1                     0x08003781   Thumb Code     8  mc_api.o(i.MC_GetSTMStateMotor1)
    MC_ProgramSpeedRampMotor1                0x0800378d   Thumb Code    14  mc_api.o(i.MC_ProgramSpeedRampMotor1)
    MC_ProgramTorqueRampMotor1               0x080037a1   Thumb Code    14  mc_api.o(i.MC_ProgramTorqueRampMotor1)
    MC_RunMotorControlTasks                  0x080037b5   Thumb Code   126  mc_tasks.o(i.MC_RunMotorControlTasks)
    MC_Scheduler                             0x08003845   Thumb Code   614  mc_tasks.o(i.MC_Scheduler)
    MC_StartMotor1                           0x08003ad5   Thumb Code     8  mc_api.o(i.MC_StartMotor1)
    MC_StopMotor1                            0x08003ae1   Thumb Code     8  mc_api.o(i.MC_StopMotor1)
    MCboot                                   0x08003aed   Thumb Code   354  mc_tasks.o(i.MCboot)
    MPM_CalcElMotorPower                     0x08003c91   Thumb Code    96  motor_power_measurement.o(i.MPM_CalcElMotorPower)
    MPM_Clear                                0x08003cf1   Thumb Code    24  motor_power_measurement.o(i.MPM_Clear)
    MPM_GetAvrgElMotorPowerW                 0x08003d09   Thumb Code     6  motor_power_measurement.o(i.MPM_GetAvrgElMotorPowerW)
    MX_MotorControl_Init                     0x08003d11   Thumb Code    48  motorcontrol.o(i.MX_MotorControl_Init)
    NTC_CalcAvTemp                           0x08003d49   Thumb Code    78  ntc_temperature_sensor.o(i.NTC_CalcAvTemp)
    NTC_GetAvTemp_C                          0x08003d97   Thumb Code    40  ntc_temperature_sensor.o(i.NTC_GetAvTemp_C)
    NTC_Init                                 0x08003dbf   Thumb Code    32  ntc_temperature_sensor.o(i.NTC_Init)
    PID_GetKD                                0x08003ddf   Thumb Code     6  pid_regulator.o(i.PID_GetKD)
    PID_GetKI                                0x08003de5   Thumb Code     6  pid_regulator.o(i.PID_GetKI)
    PID_GetKIDivisor                         0x08003deb   Thumb Code     4  pid_regulator.o(i.PID_GetKIDivisor)
    PID_GetKP                                0x08003def   Thumb Code     6  pid_regulator.o(i.PID_GetKP)
    PID_GetKPDivisor                         0x08003df5   Thumb Code     4  pid_regulator.o(i.PID_GetKPDivisor)
    PID_HandleInit                           0x08003df9   Thumb Code    20  pid_regulator.o(i.PID_HandleInit)
    PID_SetIntegralTerm                      0x08003e0d   Thumb Code     4  pid_regulator.o(i.PID_SetIntegralTerm)
    PID_SetKD                                0x08003e11   Thumb Code     4  pid_regulator.o(i.PID_SetKD)
    PID_SetKI                                0x08003e15   Thumb Code     4  pid_regulator.o(i.PID_SetKI)
    PID_SetKP                                0x08003e19   Thumb Code     4  pid_regulator.o(i.PID_SetKP)
    PI_Controller                            0x08003e1d   Thumb Code   122  pid_regulator.o(i.PI_Controller)
    PQD_CalcElMotorPower                     0x08003e9d   Thumb Code    90  pqd_motor_power_measurement.o(i.PQD_CalcElMotorPower)
    PWMC_CheckOverCurrent                    0x08003efd   Thumb Code     4  pwm_curr_fdbk.o(i.PWMC_CheckOverCurrent)
    PWMC_CurrentReadingCalibr                0x08003f01   Thumb Code    66  pwm_curr_fdbk.o(i.PWMC_CurrentReadingCalibr)
    PWMC_GetPhaseCurrents                    0x08003f43   Thumb Code     4  pwm_curr_fdbk.o(i.PWMC_GetPhaseCurrents)
    PWMC_SetPhaseVoltage                     0x08003f47   Thumb Code   414  pwm_curr_fdbk.o(i.PWMC_SetPhaseVoltage)
    PWMC_SwitchOffPWM                        0x080040e5   Thumb Code     4  pwm_curr_fdbk.o(i.PWMC_SwitchOffPWM)
    R3F4XX_BRK_IRQHandler                    0x080040e9   Thumb Code    52  r3_f4xx_pwm_curr_fdbk.o(i.R3F4XX_BRK_IRQHandler)
    R3F4XX_CurrentReadingCalibration         0x0800411d   Thumb Code   234  r3_f4xx_pwm_curr_fdbk.o(i.R3F4XX_CurrentReadingCalibration)
    R3F4XX_GetPhaseCurrents                  0x08004215   Thumb Code   274  r3_f4xx_pwm_curr_fdbk.o(i.R3F4XX_GetPhaseCurrents)
    R3F4XX_Init                              0x080043b9   Thumb Code   324  r3_f4xx_pwm_curr_fdbk.o(i.R3F4XX_Init)
    R3F4XX_IsOverCurrentOccurred             0x08004511   Thumb Code    22  r3_f4xx_pwm_curr_fdbk.o(i.R3F4XX_IsOverCurrentOccurred)
    R3F4XX_RLDetectionModeDisable            0x08004529   Thumb Code   220  r3_f4xx_pwm_curr_fdbk.o(i.R3F4XX_RLDetectionModeDisable)
    R3F4XX_RLDetectionModeEnable             0x08004615   Thumb Code   172  r3_f4xx_pwm_curr_fdbk.o(i.R3F4XX_RLDetectionModeEnable)
    R3F4XX_RLDetectionModeSetDuty            0x080046d1   Thumb Code   152  r3_f4xx_pwm_curr_fdbk.o(i.R3F4XX_RLDetectionModeSetDuty)
    R3F4XX_SetADCSampPointSect1              0x080048b3   Thumb Code   190  r3_f4xx_pwm_curr_fdbk.o(i.R3F4XX_SetADCSampPointSect1)
    R3F4XX_SetADCSampPointSect2              0x08004971   Thumb Code   190  r3_f4xx_pwm_curr_fdbk.o(i.R3F4XX_SetADCSampPointSect2)
    R3F4XX_SetADCSampPointSect3              0x08004a2f   Thumb Code   190  r3_f4xx_pwm_curr_fdbk.o(i.R3F4XX_SetADCSampPointSect3)
    R3F4XX_SetADCSampPointSect4              0x08004aed   Thumb Code   174  r3_f4xx_pwm_curr_fdbk.o(i.R3F4XX_SetADCSampPointSect4)
    R3F4XX_SetADCSampPointSect5              0x08004b9b   Thumb Code   174  r3_f4xx_pwm_curr_fdbk.o(i.R3F4XX_SetADCSampPointSect5)
    R3F4XX_SetADCSampPointSect6              0x08004c49   Thumb Code   190  r3_f4xx_pwm_curr_fdbk.o(i.R3F4XX_SetADCSampPointSect6)
    R3F4XX_SwitchOffPWM                      0x08004d07   Thumb Code   116  r3_f4xx_pwm_curr_fdbk.o(i.R3F4XX_SwitchOffPWM)
    R3F4XX_SwitchOnPWM                       0x08004d7d   Thumb Code   138  r3_f4xx_pwm_curr_fdbk.o(i.R3F4XX_SwitchOnPWM)
    R3F4XX_TIMx_UP_IRQHandler                0x08004e0d   Thumb Code   128  r3_f4xx_pwm_curr_fdbk.o(i.R3F4XX_TIMx_UP_IRQHandler)
    R3F4XX_TurnOnLowSides                    0x08004e91   Thumb Code    80  r3_f4xx_pwm_curr_fdbk.o(i.R3F4XX_TurnOnLowSides)
    RCM_ExecRegularConv                      0x08004ee1   Thumb Code   120  regular_conversion_manager.o(i.RCM_ExecRegularConv)
    RCM_ExecUserConv                         0x08004f61   Thumb Code    60  regular_conversion_manager.o(i.RCM_ExecUserConv)
    RCM_RegisterRegConv                      0x08004fa5   Thumb Code   214  regular_conversion_manager.o(i.RCM_RegisterRegConv)
    REMNG_Init                               0x08005089   Thumb Code    16  ramp_ext_mngr.o(i.REMNG_Init)
    RUC_GetNumberOfPhases                    0x08005099   Thumb Code     6  revup_ctrl.o(i.RUC_GetNumberOfPhases)
    RUC_GetPhaseDurationms                   0x0800509f   Thumb Code    12  revup_ctrl.o(i.RUC_GetPhaseDurationms)
    RUC_GetPhaseFinalMecSpeed01Hz            0x080050ab   Thumb Code    14  revup_ctrl.o(i.RUC_GetPhaseFinalMecSpeed01Hz)
    RUC_GetPhaseFinalTorque                  0x080050b9   Thumb Code    14  revup_ctrl.o(i.RUC_GetPhaseFinalTorque)
    RUC_SetPhaseDurationms                   0x080050c7   Thumb Code    12  revup_ctrl.o(i.RUC_SetPhaseDurationms)
    RUC_SetPhaseFinalMecSpeed01Hz            0x080050d3   Thumb Code    12  revup_ctrl.o(i.RUC_SetPhaseFinalMecSpeed01Hz)
    RUC_SetPhaseFinalTorque                  0x080050df   Thumb Code    12  revup_ctrl.o(i.RUC_SetPhaseFinalTorque)
    RVBS_CalcAvVbus                          0x080050eb   Thumb Code   134  r_divider_bus_voltage_sensor.o(i.RVBS_CalcAvVbus)
    RVBS_Init                                0x08005171   Thumb Code    80  r_divider_bus_voltage_sensor.o(i.RVBS_Init)
    SPD_GetAvrgMecSpeed01Hz                  0x080051c1   Thumb Code     6  speed_pos_fdbk.o(i.SPD_GetAvrgMecSpeed01Hz)
    SPD_GetElAngle                           0x080051c7   Thumb Code     6  speed_pos_fdbk.o(i.SPD_GetElAngle)
    SPD_GetS16Speed                          0x080051cd   Thumb Code    20  speed_pos_fdbk.o(i.SPD_GetS16Speed)
    SPD_IsMecSpeedReliable                   0x080051e1   Thumb Code    96  speed_pos_fdbk.o(i.SPD_IsMecSpeedReliable)
    STC_CalcTorqueReference                  0x08005241   Thumb Code    92  speed_torq_ctrl.o(i.STC_CalcTorqueReference)
    STC_Clear                                0x0800529d   Thumb Code    16  speed_torq_ctrl.o(i.STC_Clear)
    STC_ExecRamp                             0x080052ad   Thumb Code   146  speed_torq_ctrl.o(i.STC_ExecRamp)
    STC_ForceSpeedReferenceToCurrentSpeed    0x0800533f   Thumb Code    16  speed_torq_ctrl.o(i.STC_ForceSpeedReferenceToCurrentSpeed)
    STC_GetDefaultIqdref                     0x0800534f   Thumb Code    16  speed_torq_ctrl.o(i.STC_GetDefaultIqdref)
    STC_GetMaxAppPositiveMecSpeed01Hz        0x0800535f   Thumb Code     4  speed_torq_ctrl.o(i.STC_GetMaxAppPositiveMecSpeed01Hz)
    STC_GetMecSpeedRef01Hz                   0x08005363   Thumb Code    12  speed_torq_ctrl.o(i.STC_GetMecSpeedRef01Hz)
    STC_GetMecSpeedRef01HzDefault            0x0800536f   Thumb Code     6  speed_torq_ctrl.o(i.STC_GetMecSpeedRef01HzDefault)
    STC_GetMinAppNegativeMecSpeed01Hz        0x08005375   Thumb Code     6  speed_torq_ctrl.o(i.STC_GetMinAppNegativeMecSpeed01Hz)
    STC_GetSpeedSensor                       0x0800537b   Thumb Code     4  speed_torq_ctrl.o(i.STC_GetSpeedSensor)
    STC_Init                                 0x0800537f   Thumb Code    32  speed_torq_ctrl.o(i.STC_Init)
    STC_SetControlMode                       0x0800539f   Thumb Code     8  speed_torq_ctrl.o(i.STC_SetControlMode)
    STC_SetSpeedSensor                       0x080053a7   Thumb Code     4  speed_torq_ctrl.o(i.STC_SetSpeedSensor)
    STC_StopSpeedRamp                        0x080053ab   Thumb Code    16  speed_torq_ctrl.o(i.STC_StopSpeedRamp)
    STM_FaultAcknowledged                    0x080053bb   Thumb Code    22  state_machine.o(i.STM_FaultAcknowledged)
    STM_FaultProcessing                      0x080053d1   Thumb Code    54  state_machine.o(i.STM_FaultProcessing)
    STM_GetFaultState                        0x08005407   Thumb Code    10  state_machine.o(i.STM_GetFaultState)
    STM_GetState                             0x08005411   Thumb Code     4  state_machine.o(i.STM_GetState)
    STM_Init                                 0x08005415   Thumb Code    10  state_machine.o(i.STM_Init)
    STM_NextState                            0x0800541f   Thumb Code   258  state_machine.o(i.STM_NextState)
    SysTick_Handler                          0x08005521   Thumb Code    36  stm32f4xx_mc_it.o(i.SysTick_Handler)
    SystemClock_Config                       0x08005549   Thumb Code   128  main.o(i.SystemClock_Config)
    SystemInit                               0x080055d1   Thumb Code    20  system_stm32f4xx.o(i.SystemInit)
    TIM2_IRQHandler                          0x080055ed   Thumb Code    32  stm32f4xx_mc_it.o(i.TIM2_IRQHandler)
    TIM3_IRQHandler                          0x08005611   Thumb Code     6  stm32f4xx_it.o(i.TIM3_IRQHandler)
    TIM8_BRK_TIM12_IRQHandler                0x0800561d   Thumb Code    38  stm32f4xx_mc_it.o(i.TIM8_BRK_TIM12_IRQHandler)
    TIM8_UP_TIM13_IRQHandler                 0x08005649   Thumb Code    20  stm32f4xx_mc_it.o(i.TIM8_UP_TIM13_IRQHandler)
    TIM_Base_SetConfig                       0x08005661   Thumb Code   184  stm32f4xx_hal_tim.o(i.TIM_Base_SetConfig)
    TSK_HardwareFaultTask                    0x0800580d   Thumb Code    24  mc_tasks.o(i.TSK_HardwareFaultTask)
    TSK_HighFrequencyTask                    0x0800582d   Thumb Code   174  mc_tasks.o(i.TSK_HighFrequencyTask)
    UART5_IRQHandler                         0x080058ed   Thumb Code     6  stm32f4xx_it.o(i.UART5_IRQHandler)
    UFCP_AbortReceive                        0x08005b01   Thumb Code     8  usart_frame_communication_protocol.o(i.UFCP_AbortReceive)
    UFCP_Init                                0x08005b09   Thumb Code     4  usart_frame_communication_protocol.o(i.UFCP_Init)
    UFCP_OVR_IRQ_Handler                     0x08005b0d   Thumb Code    20  usart_frame_communication_protocol.o(i.UFCP_OVR_IRQ_Handler)
    UFCP_RX_IRQ_Handler                      0x08005b21   Thumb Code   166  usart_frame_communication_protocol.o(i.UFCP_RX_IRQ_Handler)
    UFCP_Receive                             0x08005bd5   Thumb Code    40  usart_frame_communication_protocol.o(i.UFCP_Receive)
    UFCP_Send                                0x08005bfd   Thumb Code   112  usart_frame_communication_protocol.o(i.UFCP_Send)
    UFCP_TX_IRQ_Handler                      0x08005c6d   Thumb Code   100  usart_frame_communication_protocol.o(i.UFCP_TX_IRQ_Handler)
    UI_DACExec                               0x08005cd1   Thumb Code    10  user_interface.o(i.UI_DACExec)
    UI_DACInit                               0x08005cdb   Thumb Code    10  user_interface.o(i.UI_DACInit)
    UI_DACUpdate                             0x08005ce5   Thumb Code    28  ui_task.o(i.UI_DACUpdate)
    UI_ExecCmd                               0x08005d05   Thumb Code   110  user_interface.o(i.UI_ExecCmd)
    UI_ExecSpeedRamp                         0x08005d75   Thumb Code    32  user_interface.o(i.UI_ExecSpeedRamp)
    UI_GetDAC                                0x08005d99   Thumb Code    16  user_interface.o(i.UI_GetDAC)
    UI_GetMPInfo                             0x08005da9   Thumb Code     4  user_interface.o(i.UI_GetMPInfo)
    UI_GetReg                                0x08005dad   Thumb Code   792  user_interface.o(i.UI_GetReg)
    UI_GetRevupData                          0x080060c9   Thumb Code    74  user_interface.o(i.UI_GetRevupData)
    UI_GetSelectedMC                         0x08006113   Thumb Code     6  user_interface.o(i.UI_GetSelectedMC)
    UI_HandleStartStopButton_cb              0x08006119   Thumb Code    24  ui_task.o(i.UI_HandleStartStopButton_cb)
    UI_Init                                  0x08006131   Thumb Code    22  user_interface.o(i.UI_Init)
    UI_Scheduler                             0x08006149   Thumb Code    40  ui_task.o(i.UI_Scheduler)
    UI_SerialCommunicationTimeOutStart       0x08006175   Thumb Code     8  ui_task.o(i.UI_SerialCommunicationTimeOutStart)
    UI_SerialCommunicationTimeOutStop        0x08006181   Thumb Code     8  ui_task.o(i.UI_SerialCommunicationTimeOutStop)
    UI_SetCurrentReferences                  0x0800618d   Thumb Code    26  user_interface.o(i.UI_SetCurrentReferences)
    UI_SetDAC                                0x080061a7   Thumb Code    10  user_interface.o(i.UI_SetDAC)
    UI_SetReg                                0x080061b1   Thumb Code   320  user_interface.o(i.UI_SetReg)
    UI_SetRevupData                          0x080062f5   Thumb Code    56  user_interface.o(i.UI_SetRevupData)
    UI_TaskInit                              0x0800632d   Thumb Code   144  ui_task.o(i.UI_TaskInit)
    USART1_IRQHandler                        0x080063dd   Thumb Code   104  stm32f4xx_mc_it.o(i.USART1_IRQHandler)
    VBS_GetAvBusVoltage_V                    0x08006449   Thumb Code    10  bus_voltage_sensor.o(i.VBS_GetAvBusVoltage_V)
    VSS_Init                                 0x08006453   Thumb Code    44  virtual_speed_sensor.o(i.VSS_Init)
    VSS_SetMecAcceleration                   0x0800647f   Thumb Code   118  virtual_speed_sensor.o(i.VSS_SetMecAcceleration)
    VSS_SetMecAngle                          0x080064f5   Thumb Code    14  virtual_speed_sensor.o(i.VSS_SetMecAngle)
    __0printf                                0x08006505   Thumb Code    22  printfa.o(i.__0printf)
    __1printf                                0x08006505   Thumb Code     0  printfa.o(i.__0printf)
    __2printf                                0x08006505   Thumb Code     0  printfa.o(i.__0printf)
    __c89printf                              0x08006505   Thumb Code     0  printfa.o(i.__0printf)
    printf                                   0x08006505   Thumb Code     0  printfa.o(i.__0printf)
    __scatterload_copy                       0x08006525   Thumb Code    14  handlers.o(i.__scatterload_copy)
    __scatterload_null                       0x08006533   Thumb Code     2  handlers.o(i.__scatterload_null)
    __scatterload_zeroinit                   0x08006535   Thumb Code    14  handlers.o(i.__scatterload_zeroinit)
    back_to_middle                           0x08006df9   Thumb Code   278  main.o(i.back_to_middle)
    fputc                                    0x08006f39   Thumb Code    22  stm32f4xx_hal_msp.o(i.fputc)
    function_tf                              0x08006f59   Thumb Code   240  main.o(i.function_tf)
    main                                     0x08007089   Thumb Code  1300  main.o(i.main)
    mc_lock_pins                             0x080075a9   Thumb Code   272  mc_tasks.o(i.mc_lock_pins)
    send_data_2_matlab                       0x080076d5   Thumb Code   128  main.o(i.send_data_2_matlab)
    startTimers                              0x08007759   Thumb Code    92  pwm_common.o(i.startTimers)
    s_fwVer                                  0x080077b8   Data          32  motorcontrol.o(.constdata)
    R3_F4_ParamsM1                           0x080077d8   Data          52  mc_parameters.o(.constdata)
    AHBPrescTable                            0x0800780c   Data          16  system_stm32f4xx.o(.constdata)
    APBPrescTable                            0x0800781c   Data           8  system_stm32f4xx.o(.constdata)
    hSin_Cos_Table                           0x08007824   Data         512  mc_math.o(.constdata)
    Region$$Table$$Base                      0x08007a38   Number         0  anon$$obj.o(Region$$Table)
    Region$$Table$$Limit                     0x08007a58   Number         0  anon$$obj.o(Region$$Table)
    flag                                     0x20000000   Data           4  main.o(.data)
    find_home_flag                           0x20000004   Data           4  main.o(.data)
    one_time_flag                            0x20000008   Data           4  main.o(.data)
    encoder                                  0x2000000c   Data           4  main.o(.data)
    limp                                     0x20000010   Data           4  main.o(.data)
    limn                                     0x20000014   Data           4  main.o(.data)
    middle                                   0x20000018   Data           4  main.o(.data)
    step_test                                0x2000001c   Data           4  main.o(.data)
    position                                 0x20000020   Data           4  main.o(.data)
    u                                        0x20000024   Data           4  main.o(.data)
    y1                                       0x20000034   Data           4  main.o(.data)
    y2                                       0x20000038   Data           4  main.o(.data)
    u1                                       0x2000003c   Data           4  main.o(.data)
    u2                                       0x20000040   Data           4  main.o(.data)
    wConfig                                  0x20000044   Data           4  motorcontrol.o(.data)
    pMCI                                     0x20000048   Data           4  motorcontrol.o(.data)
    pMCT                                     0x2000004c   Data           4  motorcontrol.o(.data)
    MPInfo                                   0x20000050   Data           8  motor_control_protocol.o(.data)
    PQD_MotorPowMeasM1                       0x20000058   Data         276  mc_config.o(.data)
    PIDSpeedHandle_M1                        0x2000016c   Data          44  mc_config.o(.data)
    PIDIqHandle_M1                           0x20000198   Data          44  mc_config.o(.data)
    PIDIdHandle_M1                           0x200001c4   Data          44  mc_config.o(.data)
    SpeednTorqCtrlM1                         0x200001f0   Data          52  mc_config.o(.data)
    PWM_Handle_M1                            0x20000224   Data         148  mc_config.o(.data)
    VirtualSpeedSensorM1                     0x200002b8   Data          48  mc_config.o(.data)
    ENCODER_M1                               0x200002e8   Data         120  mc_config.o(.data)
    EncAlignCtrlM1                           0x20000360   Data          28  mc_config.o(.data)
    TempSensorParamsM1                       0x2000037c   Data          40  mc_config.o(.data)
    RealBusVoltageSensorParamsM1             0x200003a4   Data          56  mc_config.o(.data)
    UI_Params                                0x200003dc   Data          48  mc_config.o(.data)
    DAC_UI_Params                            0x2000040c   Data          60  mc_config.o(.data)
    RampExtMngrHFParamsM1                    0x20000448   Data          20  mc_config.o(.data)
    CircleLimitationM1                       0x2000045c   Data         178  mc_config.o(.data)
    pUSART                                   0x20000510   Data         316  mc_config.o(.data)
    bMCBootCompleted                         0x2000064c   Data           1  mc_tasks.o(.data)
    oMCInterface                             0x20000654   Data           4  mc_tasks.o(.data)
    pSTC                                     0x20000658   Data           4  mc_tasks.o(.data)
    pPIDSpeed                                0x2000065c   Data           4  mc_tasks.o(.data)
    pPIDIq                                   0x20000660   Data           4  mc_tasks.o(.data)
    pPIDId                                   0x20000664   Data           4  mc_tasks.o(.data)
    pBusSensorM1                             0x20000668   Data           4  mc_tasks.o(.data)
    pTemperatureSensor                       0x2000066c   Data           4  mc_tasks.o(.data)
    pwmcHandle                               0x20000670   Data           4  mc_tasks.o(.data)
    pMPM                                     0x20000674   Data           4  mc_tasks.o(.data)
    pCLM                                     0x20000678   Data           4  mc_tasks.o(.data)
    pREMNG                                   0x2000067c   Data           4  mc_tasks.o(.data)
    STM                                      0x20000680   Data           6  mc_tasks.o(.data)
    RCM_UserConvHandle                       0x20000686   Data           1  regular_conversion_manager.o(.data)
    RCM_UserConvState                        0x20000687   Data           1  regular_conversion_manager.o(.data)
    RCM_UserConvValue                        0x20000688   Data           2  regular_conversion_manager.o(.data)
    pDAC                                     0x20000694   Data           4  ui_task.o(.data)
    pMCP                                     0x20000698   Data           4  ui_task.o(.data)
    uwTickFreq                               0x2000069c   Data           1  stm32f4xx_hal.o(.data)
    uwTickPrio                               0x200006a0   Data           4  stm32f4xx_hal.o(.data)
    uwTick                                   0x200006a4   Data           4  stm32f4xx_hal.o(.data)
    SystemCoreClock                          0x200006a8   Data           4  system_stm32f4xx.o(.data)
    __stdout                                 0x200006ac   Data           4  stdout.o(.data)
    hadc1                                    0x200006cc   Data          72  main.o(.bss)
    hadc2                                    0x20000714   Data          72  main.o(.bss)
    hdac                                     0x2000075c   Data          20  main.o(.bss)
    htim2                                    0x20000770   Data          64  main.o(.bss)
    htim3                                    0x200007b0   Data          64  main.o(.bss)
    htim8                                    0x200007f0   Data          64  main.o(.bss)
    huart5                                   0x20000830   Data          64  main.o(.bss)
    huart1                                   0x20000870   Data          64  main.o(.bss)
    FOCVars                                  0x200008b0   Data          38  mc_tasks.o(.bss)
    Mci                                      0x200008d8   Data          28  mc_tasks.o(.bss)
    MCT                                      0x200008f4   Data          80  mc_tasks.o(.bss)
    RCM_handle_array                         0x20000944   Data          16  regular_conversion_manager.o(.bss)
    RCM_CB_array                             0x20000954   Data          32  regular_conversion_manager.o(.bss)
    MCP_UI_Params                            0x20000974   Data         204  ui_task.o(.bss)
    __initial_sp                             0x20000e40   Data           0  startup_stm32f417xx.o(STACK)



==============================================================================

Memory Map of the image

  Image Entry point : 0x08000189

  Load Region LR_IROM1 (Base: 0x08000000, Size: 0x00008108, Max: 0x00100000, ABSOLUTE, COMPRESSED[0x00007bfc])

    Execution Region ER_IROM1 (Exec base: 0x08000000, Load base: 0x08000000, Size: 0x00007a58, Max: 0x00100000, ABSOLUTE)

    Exec Addr    Load Addr    Size         Type   Attr      Idx    E Section Name        Object

    0x08000000   0x08000000   0x00000188   Data   RO            3    RESET               startup_stm32f417xx.o
    0x08000188   0x08000188   0x00000000   Code   RO         6292  * .ARM.Collect$$$$00000000  mc_w.l(entry.o)
    0x08000188   0x08000188   0x00000004   Code   RO         6623    .ARM.Collect$$$$00000001  mc_w.l(entry2.o)
    0x0800018c   0x0800018c   0x00000004   Code   RO         6626    .ARM.Collect$$$$00000004  mc_w.l(entry5.o)
    0x08000190   0x08000190   0x00000000   Code   RO         6628    .ARM.Collect$$$$00000008  mc_w.l(entry7b.o)
    0x08000190   0x08000190   0x00000000   Code   RO         6630    .ARM.Collect$$$$0000000A  mc_w.l(entry8b.o)
    0x08000190   0x08000190   0x00000008   Code   RO         6631    .ARM.Collect$$$$0000000B  mc_w.l(entry9a.o)
    0x08000198   0x08000198   0x00000000   Code   RO         6633    .ARM.Collect$$$$0000000D  mc_w.l(entry10a.o)
    0x08000198   0x08000198   0x00000000   Code   RO         6635    .ARM.Collect$$$$0000000F  mc_w.l(entry11a.o)
    0x08000198   0x08000198   0x00000004   Code   RO         6624    .ARM.Collect$$$$00002712  mc_w.l(entry2.o)
    0x0800019c   0x0800019c   0x00000024   Code   RO            4    .text               startup_stm32f417xx.o
    0x080001c0   0x080001c0   0x00000062   Code   RO         6295    .text               mc_w.l(uldiv.o)
    0x08000222   0x08000222   0x00000024   Code   RO         6297    .text               mc_w.l(memseta.o)
    0x08000246   0x08000246   0x0000014e   Code   RO         6560    .text               mf_w.l(dadd.o)
    0x08000394   0x08000394   0x000000e4   Code   RO         6562    .text               mf_w.l(dmul.o)
    0x08000478   0x08000478   0x000000de   Code   RO         6564    .text               mf_w.l(ddiv.o)
    0x08000556   0x08000556   0x0000001a   Code   RO         6566    .text               mf_w.l(dfltui.o)
    0x08000570   0x08000570   0x00000026   Code   RO         6568    .text               mf_w.l(f2d.o)
    0x08000596   0x08000596   0x00000038   Code   RO         6570    .text               mf_w.l(d2f.o)
    0x080005ce   0x080005ce   0x0000002c   Code   RO         6638    .text               mc_w.l(uidiv.o)
    0x080005fa   0x080005fa   0x0000001e   Code   RO         6640    .text               mc_w.l(llshl.o)
    0x08000618   0x08000618   0x00000020   Code   RO         6642    .text               mc_w.l(llushr.o)
    0x08000638   0x08000638   0x00000024   Code   RO         6644    .text               mc_w.l(llsshr.o)
    0x0800065c   0x0800065c   0x00000000   Code   RO         6653    .text               mc_w.l(iusefp.o)
    0x0800065c   0x0800065c   0x0000006e   Code   RO         6654    .text               mf_w.l(fepilogue.o)
    0x080006ca   0x080006ca   0x000000ba   Code   RO         6656    .text               mf_w.l(depilogue.o)
    0x08000784   0x08000784   0x00000030   Code   RO         6666    .text               mf_w.l(dfixul.o)
    0x080007b4   0x080007b4   0x00000030   Code   RO         6670    .text               mf_w.l(cdrcmple.o)
    0x080007e4   0x080007e4   0x00000024   Code   RO         6672    .text               mc_w.l(init.o)
    0x08000808   0x08000808   0x00000056   Code   RO         6684    .text               mc_w.l(__dczerorl2.o)
    0x0800085e   0x0800085e   0x00000002   PAD
    0x08000860   0x08000860   0x0000003c   Code   RO          935    i.ADC_IRQHandler    stm32f4xx_mc_it.o
    0x0800089c   0x0800089c   0x00000056   Code   RO         4259    i.Circle_Limitation  circle_limitation.o
    0x080008f2   0x080008f2   0x00000002   PAD
    0x080008f4   0x080008f4   0x00000088   Code   RO         6009    i.DAC_Exec          dac_ui.o
    0x0800097c   0x0800097c   0x00000008   Code   RO         6042    i.DAC_GetChannelConfig  dac_common_ui.o
    0x08000984   0x08000984   0x0000000a   Code   RO         6043    i.DAC_GetUserChannelValue  dac_common_ui.o
    0x0800098e   0x0800098e   0x00000002   PAD
    0x08000990   0x08000990   0x00000028   Code   RO         6010    i.DAC_Init          dac_ui.o
    0x080009b8   0x080009b8   0x00000008   Code   RO         6044    i.DAC_SetChannelConfig  dac_common_ui.o
    0x080009c0   0x080009c0   0x00000008   Code   RO         6045    i.DAC_SetUserChannelValue  dac_common_ui.o
    0x080009c8   0x080009c8   0x00000034   Code   RO         4316    i.EAC_Exec          enc_align_ctrl.o
    0x080009fc   0x080009fc   0x00000004   Code   RO         4317    i.EAC_GetRestartState  enc_align_ctrl.o
    0x08000a00   0x08000a00   0x0000000e   Code   RO         4318    i.EAC_Init          enc_align_ctrl.o
    0x08000a0e   0x08000a0e   0x00000004   Code   RO         4319    i.EAC_IsAligned     enc_align_ctrl.o
    0x08000a12   0x08000a12   0x00000004   Code   RO         4320    i.EAC_SetRestartState  enc_align_ctrl.o
    0x08000a16   0x08000a16   0x0000004a   Code   RO         4321    i.EAC_StartAlignment  enc_align_ctrl.o
    0x08000a60   0x08000a60   0x00000024   Code   RO         4370    i.ENC_CalcAngle     encoder_speed_pos_fdbk.o
    0x08000a84   0x08000a84   0x00000120   Code   RO         4371    i.ENC_CalcAvrgMecSpeed01Hz  encoder_speed_pos_fdbk.o
    0x08000ba4   0x08000ba4   0x00000042   Code   RO         4372    i.ENC_Clear         encoder_speed_pos_fdbk.o
    0x08000be6   0x08000be6   0x0000000a   Code   RO         4373    i.ENC_IRQHandler    encoder_speed_pos_fdbk.o
    0x08000bf0   0x08000bf0   0x0000007a   Code   RO         4374    i.ENC_Init          encoder_speed_pos_fdbk.o
    0x08000c6a   0x08000c6a   0x00000020   Code   RO         4375    i.ENC_SetMecAngle   encoder_speed_pos_fdbk.o
    0x08000c8a   0x08000c8a   0x00000002   PAD
    0x08000c8c   0x08000c8c   0x00000010   Code   RO          936    i.EXTI0_IRQHandler  stm32f4xx_mc_it.o
    0x08000c9c   0x08000c9c   0x00000006   Code   RO         1270    i.EXTI1_IRQHandler  stm32f4xx_it.o
    0x08000ca2   0x08000ca2   0x00000002   PAD
    0x08000ca4   0x08000ca4   0x0000005c   Code   RO         6084    i.FCP_CalcCRC       frame_communication_protocol.o
    0x08000d00   0x08000d00   0x0000002a   Code   RO         6085    i.FCP_Init          frame_communication_protocol.o
    0x08000d2a   0x08000d2a   0x0000000e   Code   RO         6087    i.FCP_SetClient     frame_communication_protocol.o
    0x08000d38   0x08000d38   0x0000006c   Code   RO          762    i.FOC_Clear         mc_tasks.o
    0x08000da4   0x08000da4   0x0000020c   Code   RO         1585    i.HAL_ADCEx_InjectedConfigChannel  stm32f4xx_hal_adc_ex.o
    0x08000fb0   0x08000fb0   0x000001b0   Code   RO         1421    i.HAL_ADC_ConfigChannel  stm32f4xx_hal_adc.o
    0x08001160   0x08001160   0x00000174   Code   RO         1430    i.HAL_ADC_Init      stm32f4xx_hal_adc.o
    0x080012d4   0x080012d4   0x00000110   Code   RO         1311    i.HAL_ADC_MspInit   stm32f4xx_hal_msp.o
    0x080013e4   0x080013e4   0x0000004e   Code   RO         2765    i.HAL_DAC_ConfigChannel  stm32f4xx_hal_dac.o
    0x08001432   0x08001432   0x00000028   Code   RO         2775    i.HAL_DAC_Init      stm32f4xx_hal_dac.o
    0x0800145a   0x0800145a   0x00000002   PAD
    0x0800145c   0x0800145c   0x00000064   Code   RO         1313    i.HAL_DAC_MspInit   stm32f4xx_hal_msp.o
    0x080014c0   0x080014c0   0x00000024   Code   RO         2110    i.HAL_DMA_Abort_IT  stm32f4xx_hal_dma.o
    0x080014e4   0x080014e4   0x00000028   Code   RO         2511    i.HAL_Delay         stm32f4xx_hal.o
    0x0800150c   0x0800150c   0x00000014   Code   RO           14    i.HAL_GPIO_EXTI_Callback  main.o
    0x08001520   0x08001520   0x00000018   Code   RO         2009    i.HAL_GPIO_EXTI_IRQHandler  stm32f4xx_hal_gpio.o
    0x08001538   0x08001538   0x00000240   Code   RO         2010    i.HAL_GPIO_Init     stm32f4xx_hal_gpio.o
    0x08001778   0x08001778   0x0000000a   Code   RO         2012    i.HAL_GPIO_ReadPin  stm32f4xx_hal_gpio.o
    0x08001782   0x08001782   0x00000002   PAD
    0x08001784   0x08001784   0x0000000c   Code   RO         2517    i.HAL_GetTick       stm32f4xx_hal.o
    0x08001790   0x08001790   0x00000010   Code   RO         2523    i.HAL_IncTick       stm32f4xx_hal.o
    0x080017a0   0x080017a0   0x00000034   Code   RO         2524    i.HAL_Init          stm32f4xx_hal.o
    0x080017d4   0x080017d4   0x00000040   Code   RO         2525    i.HAL_InitTick      stm32f4xx_hal.o
    0x08001814   0x08001814   0x00000038   Code   RO         1314    i.HAL_MspInit       stm32f4xx_hal_msp.o
    0x0800184c   0x0800184c   0x0000001e   Code   RO         2379    i.HAL_NVIC_EnableIRQ  stm32f4xx_hal_cortex.o
    0x0800186a   0x0800186a   0x00000002   PAD
    0x0800186c   0x0800186c   0x00000064   Code   RO         2385    i.HAL_NVIC_SetPriority  stm32f4xx_hal_cortex.o
    0x080018d0   0x080018d0   0x00000024   Code   RO         2386    i.HAL_NVIC_SetPriorityGrouping  stm32f4xx_hal_cortex.o
    0x080018f4   0x080018f4   0x0000015c   Code   RO         1688    i.HAL_RCC_ClockConfig  stm32f4xx_hal_rcc.o
    0x08001a50   0x08001a50   0x0000000c   Code   RO         1691    i.HAL_RCC_EnableCSS  stm32f4xx_hal_rcc.o
    0x08001a5c   0x08001a5c   0x0000000c   Code   RO         1693    i.HAL_RCC_GetHCLKFreq  stm32f4xx_hal_rcc.o
    0x08001a68   0x08001a68   0x00000020   Code   RO         1695    i.HAL_RCC_GetPCLK1Freq  stm32f4xx_hal_rcc.o
    0x08001a88   0x08001a88   0x00000020   Code   RO         1696    i.HAL_RCC_GetPCLK2Freq  stm32f4xx_hal_rcc.o
    0x08001aa8   0x08001aa8   0x00000074   Code   RO         1697    i.HAL_RCC_GetSysClockFreq  stm32f4xx_hal_rcc.o
    0x08001b1c   0x08001b1c   0x000003e4   Code   RO         1700    i.HAL_RCC_OscConfig  stm32f4xx_hal_rcc.o
    0x08001f00   0x08001f00   0x00000002   Code   RO         2389    i.HAL_SYSTICK_Callback  stm32f4xx_hal_cortex.o
    0x08001f02   0x08001f02   0x00000002   PAD
    0x08001f04   0x08001f04   0x0000002c   Code   RO         2390    i.HAL_SYSTICK_Config  stm32f4xx_hal_cortex.o
    0x08001f30   0x08001f30   0x00000008   Code   RO         2391    i.HAL_SYSTICK_IRQHandler  stm32f4xx_hal_cortex.o
    0x08001f38   0x08001f38   0x00000002   Code   RO         3627    i.HAL_TIMEx_BreakCallback  stm32f4xx_hal_tim_ex.o
    0x08001f3a   0x08001f3a   0x00000002   Code   RO         3628    i.HAL_TIMEx_CommutCallback  stm32f4xx_hal_tim_ex.o
    0x08001f3c   0x08001f3c   0x00000052   Code   RO         3630    i.HAL_TIMEx_ConfigBreakDeadTime  stm32f4xx_hal_tim_ex.o
    0x08001f8e   0x08001f8e   0x00000096   Code   RO         3645    i.HAL_TIMEx_MasterConfigSynchronization  stm32f4xx_hal_tim_ex.o
    0x08002024   0x08002024   0x00000036   Code   RO         2989    i.HAL_TIM_Base_Init  stm32f4xx_hal_tim.o
    0x0800205a   0x0800205a   0x00000002   PAD
    0x0800205c   0x0800205c   0x0000002c   Code   RO         1316    i.HAL_TIM_Base_MspInit  stm32f4xx_hal_msp.o
    0x08002088   0x08002088   0x00000022   Code   RO         2994    i.HAL_TIM_Base_Start_IT  stm32f4xx_hal_tim.o
    0x080020aa   0x080020aa   0x000000b0   Code   RO         3007    i.HAL_TIM_Encoder_Init  stm32f4xx_hal_tim.o
    0x0800215a   0x0800215a   0x00000002   PAD
    0x0800215c   0x0800215c   0x000000e0   Code   RO         1318    i.HAL_TIM_Encoder_MspInit  stm32f4xx_hal_msp.o
    0x0800223c   0x0800223c   0x00000058   Code   RO         3010    i.HAL_TIM_Encoder_Start  stm32f4xx_hal_tim.o
    0x08002294   0x08002294   0x00000002   Code   RO         3018    i.HAL_TIM_IC_CaptureCallback  stm32f4xx_hal_tim.o
    0x08002296   0x08002296   0x0000016c   Code   RO         3032    i.HAL_TIM_IRQHandler  stm32f4xx_hal_tim.o
    0x08002402   0x08002402   0x00000002   PAD
    0x08002404   0x08002404   0x00000080   Code   RO         1319    i.HAL_TIM_MspPostInit  stm32f4xx_hal_msp.o
    0x08002484   0x08002484   0x00000002   Code   RO         3035    i.HAL_TIM_OC_DelayElapsedCallback  stm32f4xx_hal_tim.o
    0x08002486   0x08002486   0x00000002   PAD
    0x08002488   0x08002488   0x00000250   Code   RO         3056    i.HAL_TIM_PWM_ConfigChannel  stm32f4xx_hal_tim.o
    0x080026d8   0x080026d8   0x00000036   Code   RO         3059    i.HAL_TIM_PWM_Init  stm32f4xx_hal_tim.o
    0x0800270e   0x0800270e   0x00000002   Code   RO         3061    i.HAL_TIM_PWM_MspInit  stm32f4xx_hal_tim.o
    0x08002710   0x08002710   0x00000002   Code   RO         3062    i.HAL_TIM_PWM_PulseFinishedCallback  stm32f4xx_hal_tim.o
    0x08002712   0x08002712   0x00000002   PAD
    0x08002714   0x08002714   0x00000030   Code   RO           15    i.HAL_TIM_PeriodElapsedCallback  main.o
    0x08002744   0x08002744   0x00000056   Code   RO         3073    i.HAL_TIM_SlaveConfigSynchro  stm32f4xx_hal_tim.o
    0x0800279a   0x0800279a   0x00000002   Code   RO         3075    i.HAL_TIM_TriggerCallback  stm32f4xx_hal_tim.o
    0x0800279c   0x0800279c   0x00000002   Code   RO         3894    i.HAL_UART_ErrorCallback  stm32f4xx_hal_uart.o
    0x0800279e   0x0800279e   0x00000002   PAD
    0x080027a0   0x080027a0   0x000002a8   Code   RO         3897    i.HAL_UART_IRQHandler  stm32f4xx_hal_uart.o
    0x08002a48   0x08002a48   0x00000062   Code   RO         3898    i.HAL_UART_Init     stm32f4xx_hal_uart.o
    0x08002aaa   0x08002aaa   0x00000002   PAD
    0x08002aac   0x08002aac   0x000000f0   Code   RO         1321    i.HAL_UART_MspInit  stm32f4xx_hal_msp.o
    0x08002b9c   0x08002b9c   0x00000002   Code   RO         3904    i.HAL_UART_RxCpltCallback  stm32f4xx_hal_uart.o
    0x08002b9e   0x08002b9e   0x00000002   PAD
    0x08002ba0   0x08002ba0   0x00000126   Code   RO         3906    i.HAL_UART_Transmit  stm32f4xx_hal_uart.o
    0x08002cc6   0x08002cc6   0x00000002   Code   RO         3909    i.HAL_UART_TxCpltCallback  stm32f4xx_hal_uart.o
    0x08002cc8   0x08002cc8   0x0000006c   Code   RO          937    i.HardFault_Handler  stm32f4xx_mc_it.o
    0x08002d34   0x08002d34   0x00000060   Code   RO         5830    i.LL_TIM_OC_SetMode  r3_f4xx_pwm_curr_fdbk.o
    0x08002d94   0x08002d94   0x00000010   Code   RO         4507    i.MCI_Clear_Iqdref  mc_interface.o
    0x08002da4   0x08002da4   0x00000008   Code   RO         4508    i.MCI_EncoderAlign  mc_interface.o
    0x08002dac   0x08002dac   0x00000078   Code   RO         4509    i.MCI_ExecBufferedCommands  mc_interface.o
    0x08002e24   0x08002e24   0x0000000e   Code   RO         4510    i.MCI_ExecSpeedRamp  mc_interface.o
    0x08002e32   0x08002e32   0x00000012   Code   RO         4511    i.MCI_ExecTorqueRamp  mc_interface.o
    0x08002e44   0x08002e44   0x00000006   Code   RO         4512    i.MCI_FaultAcknowledged  mc_interface.o
    0x08002e4a   0x08002e4a   0x00000010   Code   RO         4513    i.MCI_GetAvrgMecSpeed01Hz  mc_interface.o
    0x08002e5a   0x08002e5a   0x00000004   Code   RO         4514    i.MCI_GetControlMode  mc_interface.o
    0x08002e5e   0x08002e5e   0x00000006   Code   RO         4517    i.MCI_GetIab        mc_interface.o
    0x08002e64   0x08002e64   0x00000006   Code   RO         4518    i.MCI_GetIalphabeta  mc_interface.o
    0x08002e6a   0x08002e6a   0x00000006   Code   RO         4520    i.MCI_GetIqd        mc_interface.o
    0x08002e70   0x08002e70   0x00000006   Code   RO         4522    i.MCI_GetIqdref     mc_interface.o
    0x08002e76   0x08002e76   0x00000010   Code   RO         4523    i.MCI_GetLastRampFinalSpeed  mc_interface.o
    0x08002e86   0x08002e86   0x00000006   Code   RO         4524    i.MCI_GetMecSpeedRef01Hz  mc_interface.o
    0x08002e8c   0x08002e8c   0x00000006   Code   RO         4528    i.MCI_GetSTMState   mc_interface.o
    0x08002e92   0x08002e92   0x00000008   Code   RO         4530    i.MCI_GetTeref      mc_interface.o
    0x08002e9a   0x08002e9a   0x00000008   Code   RO         4531    i.MCI_GetValphabeta  mc_interface.o
    0x08002ea2   0x08002ea2   0x00000008   Code   RO         4532    i.MCI_GetVqd        mc_interface.o
    0x08002eaa   0x08002eaa   0x00000014   Code   RO         4533    i.MCI_Init          mc_interface.o
    0x08002ebe   0x08002ebe   0x00000014   Code   RO         4536    i.MCI_SetCurrentReferences  mc_interface.o
    0x08002ed2   0x08002ed2   0x0000000a   Code   RO         4537    i.MCI_SetIdref      mc_interface.o
    0x08002edc   0x08002edc   0x00000016   Code   RO         4538    i.MCI_StartMotor    mc_interface.o
    0x08002ef2   0x08002ef2   0x00000008   Code   RO         4539    i.MCI_StopMotor     mc_interface.o
    0x08002efa   0x08002efa   0x00000006   Code   RO         4540    i.MCI_StopSpeedRamp  mc_interface.o
    0x08002f00   0x08002f00   0x0000004c   Code   RO         4450    i.MCM_Clarke        mc_math.o
    0x08002f4c   0x08002f4c   0x00000084   Code   RO         4451    i.MCM_Park          mc_math.o
    0x08002fd0   0x08002fd0   0x00000036   Code   RO         4452    i.MCM_Rev_Park      mc_math.o
    0x08003006   0x08003006   0x00000002   PAD
    0x08003008   0x08003008   0x00000074   Code   RO         4454    i.MCM_Trig_Functions  mc_math.o
    0x0800307c   0x0800307c   0x00000050   Code   RO          642    i.MCP_Init          motor_control_protocol.o
    0x080030cc   0x080030cc   0x0000001a   Code   RO          643    i.MCP_OnTimeOut     motor_control_protocol.o
    0x080030e6   0x080030e6   0x00000002   PAD
    0x080030e8   0x080030e8   0x00000670   Code   RO          644    i.MCP_ReceivedFrame  motor_control_protocol.o
    0x08003758   0x08003758   0x0000001a   Code   RO          649    i.MCP_SentFrame     motor_control_protocol.o
    0x08003772   0x08003772   0x00000002   PAD
    0x08003774   0x08003774   0x0000000c   Code   RO          438    i.MC_AlignEncoderMotor1  mc_api.o
    0x08003780   0x08003780   0x0000000c   Code   RO          455    i.MC_GetSTMStateMotor1  mc_api.o
    0x0800378c   0x0800378c   0x00000014   Code   RO          461    i.MC_ProgramSpeedRampMotor1  mc_api.o
    0x080037a0   0x080037a0   0x00000014   Code   RO          462    i.MC_ProgramTorqueRampMotor1  mc_api.o
    0x080037b4   0x080037b4   0x00000090   Code   RO          765    i.MC_RunMotorControlTasks  mc_tasks.o
    0x08003844   0x08003844   0x00000290   Code   RO          766    i.MC_Scheduler      mc_tasks.o
    0x08003ad4   0x08003ad4   0x0000000c   Code   RO          465    i.MC_StartMotor1    mc_api.o
    0x08003ae0   0x08003ae0   0x0000000c   Code   RO          466    i.MC_StopMotor1     mc_api.o
    0x08003aec   0x08003aec   0x000001a4   Code   RO          767    i.MCboot            mc_tasks.o
    0x08003c90   0x08003c90   0x00000060   Code   RO         4729    i.MPM_CalcElMotorPower  motor_power_measurement.o
    0x08003cf0   0x08003cf0   0x00000018   Code   RO         4730    i.MPM_Clear         motor_power_measurement.o
    0x08003d08   0x08003d08   0x00000006   Code   RO         4731    i.MPM_GetAvrgElMotorPowerW  motor_power_measurement.o
    0x08003d0e   0x08003d0e   0x00000002   PAD
    0x08003d10   0x08003d10   0x00000038   Code   RO          303    i.MX_MotorControl_Init  motorcontrol.o
    0x08003d48   0x08003d48   0x0000004e   Code   RO         4771    i.NTC_CalcAvTemp    ntc_temperature_sensor.o
    0x08003d96   0x08003d96   0x00000028   Code   RO         4774    i.NTC_GetAvTemp_C   ntc_temperature_sensor.o
    0x08003dbe   0x08003dbe   0x00000020   Code   RO         4776    i.NTC_Init          ntc_temperature_sensor.o
    0x08003dde   0x08003dde   0x00000006   Code   RO         4880    i.PID_GetKD         pid_regulator.o
    0x08003de4   0x08003de4   0x00000006   Code   RO         4882    i.PID_GetKI         pid_regulator.o
    0x08003dea   0x08003dea   0x00000004   Code   RO         4883    i.PID_GetKIDivisor  pid_regulator.o
    0x08003dee   0x08003dee   0x00000006   Code   RO         4884    i.PID_GetKP         pid_regulator.o
    0x08003df4   0x08003df4   0x00000004   Code   RO         4885    i.PID_GetKPDivisor  pid_regulator.o
    0x08003df8   0x08003df8   0x00000014   Code   RO         4886    i.PID_HandleInit    pid_regulator.o
    0x08003e0c   0x08003e0c   0x00000004   Code   RO         4887    i.PID_SetIntegralTerm  pid_regulator.o
    0x08003e10   0x08003e10   0x00000004   Code   RO         4888    i.PID_SetKD         pid_regulator.o
    0x08003e14   0x08003e14   0x00000004   Code   RO         4889    i.PID_SetKI         pid_regulator.o
    0x08003e18   0x08003e18   0x00000004   Code   RO         4891    i.PID_SetKP         pid_regulator.o
    0x08003e1c   0x08003e1c   0x00000080   Code   RO         4898    i.PI_Controller     pid_regulator.o
    0x08003e9c   0x08003e9c   0x00000060   Code   RO         5021    i.PQD_CalcElMotorPower  pqd_motor_power_measurement.o
    0x08003efc   0x08003efc   0x00000004   Code   RO         5045    i.PWMC_CheckOverCurrent  pwm_curr_fdbk.o
    0x08003f00   0x08003f00   0x00000042   Code   RO         5046    i.PWMC_CurrentReadingCalibr  pwm_curr_fdbk.o
    0x08003f42   0x08003f42   0x00000004   Code   RO         5047    i.PWMC_GetPhaseCurrents  pwm_curr_fdbk.o
    0x08003f46   0x08003f46   0x0000019e   Code   RO         5070    i.PWMC_SetPhaseVoltage  pwm_curr_fdbk.o
    0x080040e4   0x080040e4   0x00000004   Code   RO         5071    i.PWMC_SwitchOffPWM  pwm_curr_fdbk.o
    0x080040e8   0x080040e8   0x00000034   Code   RO         5832    i.R3F4XX_BRK_IRQHandler  r3_f4xx_pwm_curr_fdbk.o
    0x0800411c   0x0800411c   0x000000f8   Code   RO         5833    i.R3F4XX_CurrentReadingCalibration  r3_f4xx_pwm_curr_fdbk.o
    0x08004214   0x08004214   0x0000011c   Code   RO         5835    i.R3F4XX_GetPhaseCurrents  r3_f4xx_pwm_curr_fdbk.o
    0x08004330   0x08004330   0x00000044   Code   RO         5836    i.R3F4XX_HFCurrentsCalibrationAB  r3_f4xx_pwm_curr_fdbk.o
    0x08004374   0x08004374   0x00000044   Code   RO         5837    i.R3F4XX_HFCurrentsCalibrationC  r3_f4xx_pwm_curr_fdbk.o
    0x080043b8   0x080043b8   0x00000158   Code   RO         5838    i.R3F4XX_Init       r3_f4xx_pwm_curr_fdbk.o
    0x08004510   0x08004510   0x00000016   Code   RO         5839    i.R3F4XX_IsOverCurrentOccurred  r3_f4xx_pwm_curr_fdbk.o
    0x08004526   0x08004526   0x00000002   PAD
    0x08004528   0x08004528   0x000000ec   Code   RO         5840    i.R3F4XX_RLDetectionModeDisable  r3_f4xx_pwm_curr_fdbk.o
    0x08004614   0x08004614   0x000000bc   Code   RO         5841    i.R3F4XX_RLDetectionModeEnable  r3_f4xx_pwm_curr_fdbk.o
    0x080046d0   0x080046d0   0x0000009c   Code   RO         5842    i.R3F4XX_RLDetectionModeSetDuty  r3_f4xx_pwm_curr_fdbk.o
    0x0800476c   0x0800476c   0x00000034   Code   RO         5843    i.R3F4XX_RLGetPhaseCurrents  r3_f4xx_pwm_curr_fdbk.o
    0x080047a0   0x080047a0   0x000000c8   Code   RO         5844    i.R3F4XX_RLSwitchOnPWM  r3_f4xx_pwm_curr_fdbk.o
    0x08004868   0x08004868   0x0000004a   Code   RO         5845    i.R3F4XX_RLTurnOnLowSides  r3_f4xx_pwm_curr_fdbk.o
    0x080048b2   0x080048b2   0x000000be   Code   RO         5846    i.R3F4XX_SetADCSampPointSect1  r3_f4xx_pwm_curr_fdbk.o
    0x08004970   0x08004970   0x000000be   Code   RO         5847    i.R3F4XX_SetADCSampPointSect2  r3_f4xx_pwm_curr_fdbk.o
    0x08004a2e   0x08004a2e   0x000000be   Code   RO         5848    i.R3F4XX_SetADCSampPointSect3  r3_f4xx_pwm_curr_fdbk.o
    0x08004aec   0x08004aec   0x000000ae   Code   RO         5849    i.R3F4XX_SetADCSampPointSect4  r3_f4xx_pwm_curr_fdbk.o
    0x08004b9a   0x08004b9a   0x000000ae   Code   RO         5850    i.R3F4XX_SetADCSampPointSect5  r3_f4xx_pwm_curr_fdbk.o
    0x08004c48   0x08004c48   0x000000be   Code   RO         5851    i.R3F4XX_SetADCSampPointSect6  r3_f4xx_pwm_curr_fdbk.o
    0x08004d06   0x08004d06   0x00000074   Code   RO         5852    i.R3F4XX_SwitchOffPWM  r3_f4xx_pwm_curr_fdbk.o
    0x08004d7a   0x08004d7a   0x00000002   PAD
    0x08004d7c   0x08004d7c   0x00000090   Code   RO         5853    i.R3F4XX_SwitchOnPWM  r3_f4xx_pwm_curr_fdbk.o
    0x08004e0c   0x08004e0c   0x00000084   Code   RO         5854    i.R3F4XX_TIMx_UP_IRQHandler  r3_f4xx_pwm_curr_fdbk.o
    0x08004e90   0x08004e90   0x00000050   Code   RO         5855    i.R3F4XX_TurnOnLowSides  r3_f4xx_pwm_curr_fdbk.o
    0x08004ee0   0x08004ee0   0x00000080   Code   RO          866    i.RCM_ExecRegularConv  regular_conversion_manager.o
    0x08004f60   0x08004f60   0x00000044   Code   RO          867    i.RCM_ExecUserConv  regular_conversion_manager.o
    0x08004fa4   0x08004fa4   0x000000e4   Code   RO          870    i.RCM_RegisterRegConv  regular_conversion_manager.o
    0x08005088   0x08005088   0x00000010   Code   RO         5317    i.REMNG_Init        ramp_ext_mngr.o
    0x08005098   0x08005098   0x00000006   Code   RO         5378    i.RUC_GetNumberOfPhases  revup_ctrl.o
    0x0800509e   0x0800509e   0x0000000c   Code   RO         5379    i.RUC_GetPhaseDurationms  revup_ctrl.o
    0x080050aa   0x080050aa   0x0000000e   Code   RO         5380    i.RUC_GetPhaseFinalMecSpeed01Hz  revup_ctrl.o
    0x080050b8   0x080050b8   0x0000000e   Code   RO         5381    i.RUC_GetPhaseFinalTorque  revup_ctrl.o
    0x080050c6   0x080050c6   0x0000000c   Code   RO         5385    i.RUC_SetPhaseDurationms  revup_ctrl.o
    0x080050d2   0x080050d2   0x0000000c   Code   RO         5386    i.RUC_SetPhaseFinalMecSpeed01Hz  revup_ctrl.o
    0x080050de   0x080050de   0x0000000c   Code   RO         5387    i.RUC_SetPhaseFinalTorque  revup_ctrl.o
    0x080050ea   0x080050ea   0x00000086   Code   RO         5267    i.RVBS_CalcAvVbus   r_divider_bus_voltage_sensor.o
    0x08005170   0x08005170   0x00000050   Code   RO         5271    i.RVBS_Init         r_divider_bus_voltage_sensor.o
    0x080051c0   0x080051c0   0x00000006   Code   RO         5483    i.SPD_GetAvrgMecSpeed01Hz  speed_pos_fdbk.o
    0x080051c6   0x080051c6   0x00000006   Code   RO         5484    i.SPD_GetElAngle    speed_pos_fdbk.o
    0x080051cc   0x080051cc   0x00000014   Code   RO         5488    i.SPD_GetS16Speed   speed_pos_fdbk.o
    0x080051e0   0x080051e0   0x00000060   Code   RO         5489    i.SPD_IsMecSpeedReliable  speed_pos_fdbk.o
    0x08005240   0x08005240   0x0000005c   Code   RO         5554    i.STC_CalcTorqueReference  speed_torq_ctrl.o
    0x0800529c   0x0800529c   0x00000010   Code   RO         5555    i.STC_Clear         speed_torq_ctrl.o
    0x080052ac   0x080052ac   0x00000092   Code   RO         5556    i.STC_ExecRamp      speed_torq_ctrl.o
    0x0800533e   0x0800533e   0x00000010   Code   RO         5557    i.STC_ForceSpeedReferenceToCurrentSpeed  speed_torq_ctrl.o
    0x0800534e   0x0800534e   0x00000010   Code   RO         5559    i.STC_GetDefaultIqdref  speed_torq_ctrl.o
    0x0800535e   0x0800535e   0x00000004   Code   RO         5560    i.STC_GetMaxAppPositiveMecSpeed01Hz  speed_torq_ctrl.o
    0x08005362   0x08005362   0x0000000c   Code   RO         5561    i.STC_GetMecSpeedRef01Hz  speed_torq_ctrl.o
    0x0800536e   0x0800536e   0x00000006   Code   RO         5562    i.STC_GetMecSpeedRef01HzDefault  speed_torq_ctrl.o
    0x08005374   0x08005374   0x00000006   Code   RO         5563    i.STC_GetMinAppNegativeMecSpeed01Hz  speed_torq_ctrl.o
    0x0800537a   0x0800537a   0x00000004   Code   RO         5564    i.STC_GetSpeedSensor  speed_torq_ctrl.o
    0x0800537e   0x0800537e   0x00000020   Code   RO         5566    i.STC_Init          speed_torq_ctrl.o
    0x0800539e   0x0800539e   0x00000008   Code   RO         5568    i.STC_SetControlMode  speed_torq_ctrl.o
    0x080053a6   0x080053a6   0x00000004   Code   RO         5570    i.STC_SetSpeedSensor  speed_torq_ctrl.o
    0x080053aa   0x080053aa   0x00000010   Code   RO         5572    i.STC_StopSpeedRamp  speed_torq_ctrl.o
    0x080053ba   0x080053ba   0x00000016   Code   RO         5686    i.STM_FaultAcknowledged  state_machine.o
    0x080053d0   0x080053d0   0x00000036   Code   RO         5687    i.STM_FaultProcessing  state_machine.o
    0x08005406   0x08005406   0x0000000a   Code   RO         5688    i.STM_GetFaultState  state_machine.o
    0x08005410   0x08005410   0x00000004   Code   RO         5689    i.STM_GetState      state_machine.o
    0x08005414   0x08005414   0x0000000a   Code   RO         5690    i.STM_Init          state_machine.o
    0x0800541e   0x0800541e   0x00000102   Code   RO         5691    i.STM_NextState     state_machine.o
    0x08005520   0x08005520   0x00000028   Code   RO          938    i.SysTick_Handler   stm32f4xx_mc_it.o
    0x08005548   0x08005548   0x00000088   Code   RO           16    i.SystemClock_Config  main.o
    0x080055d0   0x080055d0   0x0000001c   Code   RO         4180    i.SystemInit        system_stm32f4xx.o
    0x080055ec   0x080055ec   0x00000024   Code   RO          939    i.TIM2_IRQHandler   stm32f4xx_mc_it.o
    0x08005610   0x08005610   0x0000000c   Code   RO         1271    i.TIM3_IRQHandler   stm32f4xx_it.o
    0x0800561c   0x0800561c   0x0000002c   Code   RO          940    i.TIM8_BRK_TIM12_IRQHandler  stm32f4xx_mc_it.o
    0x08005648   0x08005648   0x00000018   Code   RO          941    i.TIM8_UP_TIM13_IRQHandler  stm32f4xx_mc_it.o
    0x08005660   0x08005660   0x000000cc   Code   RO         3077    i.TIM_Base_SetConfig  stm32f4xx_hal_tim.o
    0x0800572c   0x0800572c   0x000000de   Code   RO         3090    i.TIM_SlaveTimer_SetConfig  stm32f4xx_hal_tim.o
    0x0800580a   0x0800580a   0x00000002   PAD
    0x0800580c   0x0800580c   0x00000020   Code   RO          769    i.TSK_HardwareFaultTask  mc_tasks.o
    0x0800582c   0x0800582c   0x000000c0   Code   RO          770    i.TSK_HighFrequencyTask  mc_tasks.o
    0x080058ec   0x080058ec   0x0000000c   Code   RO         1272    i.UART5_IRQHandler  stm32f4xx_it.o
    0x080058f8   0x080058f8   0x00000010   Code   RO         3911    i.UART_DMAAbortOnError  stm32f4xx_hal_uart.o
    0x08005908   0x08005908   0x00000194   Code   RO         3921    i.UART_SetConfig    stm32f4xx_hal_uart.o
    0x08005a9c   0x08005a9c   0x00000064   Code   RO         3922    i.UART_WaitOnFlagUntilTimeout  stm32f4xx_hal_uart.o
    0x08005b00   0x08005b00   0x00000008   Code   RO         6164    i.UFCP_AbortReceive  usart_frame_communication_protocol.o
    0x08005b08   0x08005b08   0x00000004   Code   RO         6165    i.UFCP_Init         usart_frame_communication_protocol.o
    0x08005b0c   0x08005b0c   0x00000014   Code   RO         6166    i.UFCP_OVR_IRQ_Handler  usart_frame_communication_protocol.o
    0x08005b20   0x08005b20   0x000000b4   Code   RO         6167    i.UFCP_RX_IRQ_Handler  usart_frame_communication_protocol.o
    0x08005bd4   0x08005bd4   0x00000028   Code   RO         6168    i.UFCP_Receive      usart_frame_communication_protocol.o
    0x08005bfc   0x08005bfc   0x00000070   Code   RO         6169    i.UFCP_Send         usart_frame_communication_protocol.o
    0x08005c6c   0x08005c6c   0x00000064   Code   RO         6171    i.UFCP_TX_IRQ_Handler  usart_frame_communication_protocol.o
    0x08005cd0   0x08005cd0   0x0000000a   Code   RO         1139    i.UI_DACExec        user_interface.o
    0x08005cda   0x08005cda   0x0000000a   Code   RO         1140    i.UI_DACInit        user_interface.o
    0x08005ce4   0x08005ce4   0x00000020   Code   RO         1033    i.UI_DACUpdate      ui_task.o
    0x08005d04   0x08005d04   0x0000006e   Code   RO         1141    i.UI_ExecCmd        user_interface.o
    0x08005d72   0x08005d72   0x00000002   PAD
    0x08005d74   0x08005d74   0x00000024   Code   RO         1142    i.UI_ExecSpeedRamp  user_interface.o
    0x08005d98   0x08005d98   0x00000010   Code   RO         1145    i.UI_GetDAC         user_interface.o
    0x08005da8   0x08005da8   0x00000004   Code   RO         1146    i.UI_GetMPInfo      user_interface.o
    0x08005dac   0x08005dac   0x0000031c   Code   RO         1147    i.UI_GetReg         user_interface.o
    0x080060c8   0x080060c8   0x0000004a   Code   RO         1148    i.UI_GetRevupData   user_interface.o
    0x08006112   0x08006112   0x00000006   Code   RO         1149    i.UI_GetSelectedMC  user_interface.o
    0x08006118   0x08006118   0x00000018   Code   RO         1034    i.UI_HandleStartStopButton_cb  ui_task.o
    0x08006130   0x08006130   0x00000016   Code   RO         1151    i.UI_Init           user_interface.o
    0x08006146   0x08006146   0x00000002   PAD
    0x08006148   0x08006148   0x0000002c   Code   RO         1036    i.UI_Scheduler      ui_task.o
    0x08006174   0x08006174   0x0000000c   Code   RO         1039    i.UI_SerialCommunicationTimeOutStart  ui_task.o
    0x08006180   0x08006180   0x0000000c   Code   RO         1040    i.UI_SerialCommunicationTimeOutStop  ui_task.o
    0x0800618c   0x0800618c   0x0000001a   Code   RO         1153    i.UI_SetCurrentReferences  user_interface.o
    0x080061a6   0x080061a6   0x0000000a   Code   RO         1154    i.UI_SetDAC         user_interface.o
    0x080061b0   0x080061b0   0x00000144   Code   RO         1155    i.UI_SetReg         user_interface.o
    0x080062f4   0x080062f4   0x00000038   Code   RO         1156    i.UI_SetRevupData   user_interface.o
    0x0800632c   0x0800632c   0x000000b0   Code   RO         1042    i.UI_TaskInit       ui_task.o
    0x080063dc   0x080063dc   0x0000006c   Code   RO          942    i.USART1_IRQHandler  stm32f4xx_mc_it.o
    0x08006448   0x08006448   0x0000000a   Code   RO         4218    i.VBS_GetAvBusVoltage_V  bus_voltage_sensor.o
    0x08006452   0x08006452   0x0000002c   Code   RO         5744    i.VSS_Init          virtual_speed_sensor.o
    0x0800647e   0x0800647e   0x00000076   Code   RO         5749    i.VSS_SetMecAcceleration  virtual_speed_sensor.o
    0x080064f4   0x080064f4   0x0000000e   Code   RO         5750    i.VSS_SetMecAngle   virtual_speed_sensor.o
    0x08006502   0x08006502   0x00000002   PAD
    0x08006504   0x08006504   0x00000020   Code   RO         6532    i.__0printf         mc_w.l(printfa.o)
    0x08006524   0x08006524   0x0000000e   Code   RO         6678    i.__scatterload_copy  mc_w.l(handlers.o)
    0x08006532   0x08006532   0x00000002   Code   RO         6679    i.__scatterload_null  mc_w.l(handlers.o)
    0x08006534   0x08006534   0x0000000e   Code   RO         6680    i.__scatterload_zeroinit  mc_w.l(handlers.o)
    0x08006542   0x08006542   0x00000002   PAD
    0x08006544   0x08006544   0x00000184   Code   RO         6539    i._fp_digits        mc_w.l(printfa.o)
    0x080066c8   0x080066c8   0x000006dc   Code   RO         6540    i._printf_core      mc_w.l(printfa.o)
    0x08006da4   0x08006da4   0x00000024   Code   RO         6541    i._printf_post_padding  mc_w.l(printfa.o)
    0x08006dc8   0x08006dc8   0x0000002e   Code   RO         6542    i._printf_pre_padding  mc_w.l(printfa.o)
    0x08006df6   0x08006df6   0x00000002   PAD
    0x08006df8   0x08006df8   0x00000140   Code   RO           17    i.back_to_middle    main.o
    0x08006f38   0x08006f38   0x0000001c   Code   RO         1323    i.fputc             stm32f4xx_hal_msp.o
    0x08006f54   0x08006f54   0x00000004   PAD
    0x08006f58   0x08006f58   0x00000130   Code   RO           21    i.function_tf       main.o
    0x08007088   0x08007088   0x00000520   Code   RO           24    i.main              main.o
    0x080075a8   0x080075a8   0x0000012c   Code   RO          774    i.mc_lock_pins      mc_tasks.o
    0x080076d4   0x080076d4   0x00000084   Code   RO           26    i.send_data_2_matlab  main.o
    0x08007758   0x08007758   0x00000060   Code   RO         5237    i.startTimers       pwm_common.o
    0x080077b8   0x080077b8   0x00000020   Data   RO          304    .constdata          motorcontrol.o
    0x080077d8   0x080077d8   0x00000034   Data   RO         1008    .constdata          mc_parameters.o
    0x0800780c   0x0800780c   0x00000010   Data   RO         4181    .constdata          system_stm32f4xx.o
    0x0800781c   0x0800781c   0x00000008   Data   RO         4182    .constdata          system_stm32f4xx.o
    0x08007824   0x08007824   0x00000200   Data   RO         4456    .constdata          mc_math.o
    0x08007a24   0x08007a24   0x0000000e   Data   RO         5856    .constdata          r3_f4xx_pwm_curr_fdbk.o
    0x08007a32   0x08007a32   0x00000006   Data   RO         6172    .constdata          usart_frame_communication_protocol.o
    0x08007a38   0x08007a38   0x00000020   Data   RO         6676    Region$$Table       anon$$obj.o


    Execution Region RW_IRAM2 (Exec base: 0x10000000, Load base: 0x08007bfc, Size: 0x00000000, Max: 0x00010000, ABSOLUTE)

    **** No section assigned to this execution region ****


    Execution Region RW_IRAM1 (Exec base: 0x20000000, Load base: 0x08007a58, Size: 0x00000e40, Max: 0x00020000, ABSOLUTE, COMPRESSED[0x000001a4])

    Exec Addr    Load Addr    Size         Type   Attr      Idx    E Section Name        Object

    0x20000000   COMPRESSED   0x00000044   Data   RW           29    .data               main.o
    0x20000044   COMPRESSED   0x0000000c   Data   RW          305    .data               motorcontrol.o
    0x20000050   COMPRESSED   0x00000008   Data   RW          651    .data               motor_control_protocol.o
    0x20000058   COMPRESSED   0x00000114   Data   RW          717    .data               mc_config.o
    0x2000016c   COMPRESSED   0x0000002c   Data   RW          719    .data               mc_config.o
    0x20000198   COMPRESSED   0x0000002c   Data   RW          720    .data               mc_config.o
    0x200001c4   COMPRESSED   0x0000002c   Data   RW          721    .data               mc_config.o
    0x200001f0   COMPRESSED   0x00000034   Data   RW          722    .data               mc_config.o
    0x20000224   COMPRESSED   0x00000094   Data   RW          724    .data               mc_config.o
    0x200002b8   COMPRESSED   0x00000030   Data   RW          725    .data               mc_config.o
    0x200002e8   COMPRESSED   0x00000078   Data   RW          726    .data               mc_config.o
    0x20000360   COMPRESSED   0x0000001c   Data   RW          727    .data               mc_config.o
    0x2000037c   COMPRESSED   0x00000028   Data   RW          728    .data               mc_config.o
    0x200003a4   COMPRESSED   0x00000038   Data   RW          729    .data               mc_config.o
    0x200003dc   COMPRESSED   0x00000030   Data   RW          730    .data               mc_config.o
    0x2000040c   COMPRESSED   0x0000003c   Data   RW          731    .data               mc_config.o
    0x20000448   COMPRESSED   0x00000014   Data   RW          732    .data               mc_config.o
    0x2000045c   COMPRESSED   0x000000b2   Data   RW          733    .data               mc_config.o
    0x2000050e   COMPRESSED   0x00000002   PAD
    0x20000510   COMPRESSED   0x0000013c   Data   RW          734    .data               mc_config.o
    0x2000064c   COMPRESSED   0x0000003a   Data   RW          776    .data               mc_tasks.o
    0x20000686   COMPRESSED   0x00000004   Data   RW          874    .data               regular_conversion_manager.o
    0x2000068a   COMPRESSED   0x00000001   Data   RW          943    .data               stm32f4xx_mc_it.o
    0x2000068b   COMPRESSED   0x00000001   PAD
    0x2000068c   COMPRESSED   0x00000010   Data   RW         1045    .data               ui_task.o
    0x2000069c   COMPRESSED   0x0000000c   Data   RW         2531    .data               stm32f4xx_hal.o
    0x200006a8   COMPRESSED   0x00000004   Data   RW         4183    .data               system_stm32f4xx.o
    0x200006ac   COMPRESSED   0x00000004   Data   RW         6637    .data               mc_w.l(stdout.o)
    0x200006b0        -       0x00000200   Zero   RW           27    .bss                main.o
    0x200008b0        -       0x00000094   Zero   RW          775    .bss                mc_tasks.o
    0x20000944        -       0x00000030   Zero   RW          873    .bss                regular_conversion_manager.o
    0x20000974        -       0x000000cc   Zero   RW         1043    .bss                ui_task.o
    0x20000a40        -       0x00000400   Zero   RW            1    STACK               startup_stm32f417xx.o


==============================================================================

Image component sizes


      Code (inc. data)   RO Data    RW Data    ZI Data      Debug   Object Name

        10          0          0          0          0       1196   bus_voltage_sensor.o
        86          0          0          0          0       1472   circle_limitation.o
        34          0          0          0          0       3490   dac_common_ui.o
       176         10          0          0          0      10902   dac_ui.o
         0          0          0          0          0       4108   digital_output.o
       152          0          0          0          0       4843   enc_align_ctrl.o
       554          0          0          0          0      32149   encoder_speed_pos_fdbk.o
       148          0          0          0          0       3269   frame_communication_protocol.o
      2272        230          0         68        512     739110   main.o
        88         28          0          0          0       3377   mc_api.o
         0          0          0       1522          0       1726   mc_config.o
       364          0          0          0          0      17416   mc_interface.o
       378         18        512          0          0       6565   mc_math.o
         0          0         52          0          0        281   mc_parameters.o
      1852        222          0         58        148      13843   mc_tasks.o
      1780        606          0          8          0       6332   motor_control_protocol.o
       126          0          0          0          0       3014   motor_power_measurement.o
        56          8         32         12          0      29511   motorcontrol.o
       150          0          0          0          0       3112   ntc_temperature_sensor.o
       190          6          0          0          0       8643   pid_regulator.o
        96          6          0          0          0       1367   pqd_motor_power_measurement.o
        96          4          0          0          0      32234   pwm_common.o
       492          0          0          0          0       5147   pwm_curr_fdbk.o
      3668        128         14          0          0      99840   r3_f4xx_pwm_curr_fdbk.o
       214          0          0          0          0       2988   r_divider_bus_voltage_sensor.o
        16          0          0          0          0       1276   ramp_ext_mngr.o
       424         30          0          4         48      45240   regular_conversion_manager.o
        82          0          0          0          0       5610   revup_ctrl.o
       128          0          0          0          0       3710   speed_pos_fdbk.o
       378          0          0          0          0      11183   speed_torq_ctrl.o
        36          8        392          0       1024        892   startup_stm32f417xx.o
       358         20          0          0          0       5528   state_machine.o
       184         30          0         12          0       9873   stm32f4xx_hal.o
       804         28          0          0          0       2883   stm32f4xx_hal_adc.o
       524         14          0          0          0       1682   stm32f4xx_hal_adc_ex.o
       220         16          0          0          0      35019   stm32f4xx_hal_cortex.o
       118          0          0          0          0       2095   stm32f4xx_hal_dac.o
        36          0          0          0          0       1651   stm32f4xx_hal_dma.o
       610         26          0          0          0       3214   stm32f4xx_hal_gpio.o
      1092        114          0          0          0       8297   stm32f4xx_hal_msp.o
      1548        114          0          0          0       6920   stm32f4xx_hal_rcc.o
      1884         36          0          0          0      14926   stm32f4xx_hal_tim.o
       236          0          0          0          0       3525   stm32f4xx_hal_tim_ex.o
      1598         20          0          0          0       9455   stm32f4xx_hal_uart.o
        30         12          0          0          0       1544   stm32f4xx_it.o
       436         36          0          1          0      20255   stm32f4xx_mc_it.o
        28          8         24          4          0       1307   system_stm32f4xx.o
       300         48          0         16        204       4759   ui_task.o
       464         14          6          0          0      22666   usart_frame_communication_protocol.o
      1500         86          0          0          0      13748   user_interface.o
       176          0          0          0          0       3070   virtual_speed_sensor.o

    ----------------------------------------------------------------------
     26248       1930       1064       1708       1936    1276263   Object Totals
         0          0         32          0          0          0   (incl. Generated)
        56          4          0          3          0          0   (incl. Padding)

    ----------------------------------------------------------------------

      Code (inc. data)   RO Data    RW Data    ZI Data      Debug   Library Member Name

        86          0          0          0          0          0   __dczerorl2.o
         0          0          0          0          0          0   entry.o
         0          0          0          0          0          0   entry10a.o
         0          0          0          0          0          0   entry11a.o
         8          4          0          0          0          0   entry2.o
         4          0          0          0          0          0   entry5.o
         0          0          0          0          0          0   entry7b.o
         0          0          0          0          0          0   entry8b.o
         8          4          0          0          0          0   entry9a.o
        30          0          0          0          0          0   handlers.o
        36          8          0          0          0         68   init.o
         0          0          0          0          0          0   iusefp.o
        30          0          0          0          0         68   llshl.o
        36          0          0          0          0         68   llsshr.o
        32          0          0          0          0         68   llushr.o
        36          0          0          0          0        108   memseta.o
      2258         90          0          0          0        452   printfa.o
         0          0          0          4          0          0   stdout.o
        44          0          0          0          0         80   uidiv.o
        98          0          0          0          0         92   uldiv.o
        48          0          0          0          0         68   cdrcmple.o
        56          0          0          0          0         88   d2f.o
       334          0          0          0          0        148   dadd.o
       222          0          0          0          0        100   ddiv.o
       186          0          0          0          0        176   depilogue.o
        48          0          0          0          0         68   dfixul.o
        26          0          0          0          0         76   dfltui.o
       228          0          0          0          0         96   dmul.o
        38          0          0          0          0         68   f2d.o
       110          0          0          0          0        168   fepilogue.o

    ----------------------------------------------------------------------
      4008        106          0          4          0       2060   Library Totals
         6          0          0          0          0          0   (incl. Padding)

    ----------------------------------------------------------------------

      Code (inc. data)   RO Data    RW Data    ZI Data      Debug   Library Name

      2706        106          0          4          0       1004   mc_w.l
      1296          0          0          0          0       1056   mf_w.l

    ----------------------------------------------------------------------
      4008        106          0          4          0       2060   Library Totals

    ----------------------------------------------------------------------

==============================================================================


      Code (inc. data)   RO Data    RW Data    ZI Data      Debug   

     30256       2036       1064       1712       1936    1251619   Grand Totals
     30256       2036       1064        420       1936    1251619   ELF Image Totals (compressed)
     30256       2036       1064        420          0          0   ROM Totals

==============================================================================

    Total RO  Size (Code + RO Data)                31320 (  30.59kB)
    Total RW  Size (RW Data + ZI Data)              3648 (   3.56kB)
    Total ROM Size (Code + RO Data + RW Data)      31740 (  31.00kB)

==============================================================================

